Archive member included to satisfy reference by file (symbol)

c:/program files (x86)/atmel/studio/7.0/toolchain/arm/arm-gnu-toolchain/bin/../lib/gcc/arm-none-eabi/6.3.1/../../../../arm-none-eabi/lib/thumb/v7e-m\libc.a(lib_a-exit.o)
                              c:/program files (x86)/atmel/studio/7.0/toolchain/arm/arm-gnu-toolchain/bin/../lib/gcc/arm-none-eabi/6.3.1/../../../../arm-none-eabi/lib/thumb/v7e-m/crt0.o (exit)
c:/program files (x86)/atmel/studio/7.0/toolchain/arm/arm-gnu-toolchain/bin/../lib/gcc/arm-none-eabi/6.3.1/../../../../arm-none-eabi/lib/thumb/v7e-m\libc.a(lib_a-impure.o)
                              c:/program files (x86)/atmel/studio/7.0/toolchain/arm/arm-gnu-toolchain/bin/../lib/gcc/arm-none-eabi/6.3.1/../../../../arm-none-eabi/lib/thumb/v7e-m\libc.a(lib_a-exit.o) (_global_impure_ptr)
c:/program files (x86)/atmel/studio/7.0/toolchain/arm/arm-gnu-toolchain/bin/../lib/gcc/arm-none-eabi/6.3.1/../../../../arm-none-eabi/lib/thumb/v7e-m\libc.a(lib_a-init.o)
                              c:/program files (x86)/atmel/studio/7.0/toolchain/arm/arm-gnu-toolchain/bin/../lib/gcc/arm-none-eabi/6.3.1/../../../../arm-none-eabi/lib/thumb/v7e-m/crt0.o (__libc_init_array)
c:/program files (x86)/atmel/studio/7.0/toolchain/arm/arm-gnu-toolchain/bin/../lib/gcc/arm-none-eabi/6.3.1/../../../../arm-none-eabi/lib/thumb/v7e-m\libc.a(lib_a-memset.o)
                              c:/program files (x86)/atmel/studio/7.0/toolchain/arm/arm-gnu-toolchain/bin/../lib/gcc/arm-none-eabi/6.3.1/../../../../arm-none-eabi/lib/thumb/v7e-m/crt0.o (memset)
c:/program files (x86)/atmel/studio/7.0/toolchain/arm/arm-gnu-toolchain/bin/../lib/gcc/arm-none-eabi/6.3.1/../../../../arm-none-eabi/lib/thumb/v7e-m\libc.a(lib_a-setbuf.o)
                              src/main.o (setbuf)
c:/program files (x86)/atmel/studio/7.0/toolchain/arm/arm-gnu-toolchain/bin/../lib/gcc/arm-none-eabi/6.3.1/../../../../arm-none-eabi/lib/thumb/v7e-m\libc.a(lib_a-setvbuf.o)
                              c:/program files (x86)/atmel/studio/7.0/toolchain/arm/arm-gnu-toolchain/bin/../lib/gcc/arm-none-eabi/6.3.1/../../../../arm-none-eabi/lib/thumb/v7e-m\libc.a(lib_a-setbuf.o) (setvbuf)
c:/program files (x86)/atmel/studio/7.0/toolchain/arm/arm-gnu-toolchain/bin/../lib/gcc/arm-none-eabi/6.3.1/../../../../arm-none-eabi/lib/thumb/v7e-m\libc.a(lib_a-__call_atexit.o)
                              c:/program files (x86)/atmel/studio/7.0/toolchain/arm/arm-gnu-toolchain/bin/../lib/gcc/arm-none-eabi/6.3.1/../../../../arm-none-eabi/lib/thumb/v7e-m\libc.a(lib_a-exit.o) (__call_exitprocs)
c:/program files (x86)/atmel/studio/7.0/toolchain/arm/arm-gnu-toolchain/bin/../lib/gcc/arm-none-eabi/6.3.1/../../../../arm-none-eabi/lib/thumb/v7e-m\libc.a(lib_a-atexit.o)
                              c:/program files (x86)/atmel/studio/7.0/toolchain/arm/arm-gnu-toolchain/bin/../lib/gcc/arm-none-eabi/6.3.1/../../../../arm-none-eabi/lib/thumb/v7e-m\libc.a(lib_a-__call_atexit.o) (atexit)
c:/program files (x86)/atmel/studio/7.0/toolchain/arm/arm-gnu-toolchain/bin/../lib/gcc/arm-none-eabi/6.3.1/../../../../arm-none-eabi/lib/thumb/v7e-m\libc.a(lib_a-fflush.o)
                              c:/program files (x86)/atmel/studio/7.0/toolchain/arm/arm-gnu-toolchain/bin/../lib/gcc/arm-none-eabi/6.3.1/../../../../arm-none-eabi/lib/thumb/v7e-m\libc.a(lib_a-setvbuf.o) (_fflush_r)
c:/program files (x86)/atmel/studio/7.0/toolchain/arm/arm-gnu-toolchain/bin/../lib/gcc/arm-none-eabi/6.3.1/../../../../arm-none-eabi/lib/thumb/v7e-m\libc.a(lib_a-findfp.o)
                              c:/program files (x86)/atmel/studio/7.0/toolchain/arm/arm-gnu-toolchain/bin/../lib/gcc/arm-none-eabi/6.3.1/../../../../arm-none-eabi/lib/thumb/v7e-m\libc.a(lib_a-setvbuf.o) (__sinit)
c:/program files (x86)/atmel/studio/7.0/toolchain/arm/arm-gnu-toolchain/bin/../lib/gcc/arm-none-eabi/6.3.1/../../../../arm-none-eabi/lib/thumb/v7e-m\libc.a(lib_a-fini.o)
                              c:/program files (x86)/atmel/studio/7.0/toolchain/arm/arm-gnu-toolchain/bin/../lib/gcc/arm-none-eabi/6.3.1/../../../../arm-none-eabi/lib/thumb/v7e-m\libc.a(lib_a-__call_atexit.o) (__libc_fini_array)
c:/program files (x86)/atmel/studio/7.0/toolchain/arm/arm-gnu-toolchain/bin/../lib/gcc/arm-none-eabi/6.3.1/../../../../arm-none-eabi/lib/thumb/v7e-m\libc.a(lib_a-freer.o)
                              c:/program files (x86)/atmel/studio/7.0/toolchain/arm/arm-gnu-toolchain/bin/../lib/gcc/arm-none-eabi/6.3.1/../../../../arm-none-eabi/lib/thumb/v7e-m\libc.a(lib_a-setvbuf.o) (_free_r)
c:/program files (x86)/atmel/studio/7.0/toolchain/arm/arm-gnu-toolchain/bin/../lib/gcc/arm-none-eabi/6.3.1/../../../../arm-none-eabi/lib/thumb/v7e-m\libc.a(lib_a-fwalk.o)
                              c:/program files (x86)/atmel/studio/7.0/toolchain/arm/arm-gnu-toolchain/bin/../lib/gcc/arm-none-eabi/6.3.1/../../../../arm-none-eabi/lib/thumb/v7e-m\libc.a(lib_a-findfp.o) (_fwalk)
[...]
Memory Configuration

Name             Origin             Length             Attributes
rom              0x00400000         0x00200000         xr
ram              0x20400000         0x00060000         xrw
*default*        0x00000000         0xffffffff

Linker script and memory map

LOAD c:/program files (x86)/atmel/studio/7.0/toolchain/arm/arm-gnu-toolchain/bin/../lib/gcc/arm-none-eabi/6.3.1/thumb/v7e-m/crti.o
LOAD c:/program files (x86)/atmel/studio/7.0/toolchain/arm/arm-gnu-toolchain/bin/../lib/gcc/arm-none-eabi/6.3.1/thumb/v7e-m/crtbegin.o
LOAD c:/program files (x86)/atmel/studio/7.0/toolchain/arm/arm-gnu-toolchain/bin/../lib/gcc/arm-none-eabi/6.3.1/../../../../arm-none-eabi/lib/thumb/v7e-m/crt0.o
LOAD src/ASF/common/services/clock/same70/sysclk.o
LOAD src/ASF/common/services/delay/sam/cycle_counter.o
LOAD src/ASF/common/services/serial/usart_serial.o
LOAD src/ASF/common/utils/interrupt/interrupt_sam_nvic.o
LOAD src/ASF/common/utils/stdio/read.o
LOAD src/ASF/common/utils/stdio/write.o
LOAD src/ASF/sam/drivers/mpu/mpu.o
LOAD src/ASF/sam/drivers/pio/pio.o
LOAD src/ASF/sam/drivers/pio/pio_handler.o
LOAD src/ASF/sam/drivers/pmc/pmc.o
LOAD src/ASF/sam/drivers/pmc/sleep.o
LOAD src/ASF/sam/drivers/rtc/rtc.o
LOAD src/ASF/sam/drivers/rtt/rtt.o
LOAD src/ASF/sam/drivers/supc/supc.o
LOAD src/ASF/sam/drivers/tc/tc.o
LOAD src/ASF/sam/drivers/uart/uart.o
LOAD src/ASF/sam/drivers/usart/usart.o
LOAD src/ASF/sam/utils/cmsis/same70/source/templates/gcc/startup_same70.o
LOAD src/ASF/sam/utils/cmsis/same70/source/templates/system_same70.o
LOAD src/ASF/sam/utils/syscalls/gcc/syscalls.o
LOAD src/main.o
START GROUP
LOAD ../src/ASF/thirdparty/CMSIS/Lib/GCC\libarm_cortexM7lfsp_math_softfp.a
LOAD c:/program files (x86)/atmel/studio/7.0/toolchain/arm/arm-gnu-toolchain/bin/../lib/gcc/arm-none-eabi/6.3.1/../../../../arm-none-eabi/lib/thumb/v7e-m\libm.a
END GROUP
START GROUP
LOAD c:/program files (x86)/atmel/studio/7.0/toolchain/arm/arm-gnu-toolchain/bin/../lib/gcc/arm-none-eabi/6.3.1/thumb/v7e-m\libgcc.a
LOAD c:/program files (x86)/atmel/studio/7.0/toolchain/arm/arm-gnu-toolchain/bin/../lib/gcc/arm-none-eabi/6.3.1/../../../../arm-none-eabi/lib/thumb/v7e-m\libc.a
END GROUP
LOAD c:/program files (x86)/atmel/studio/7.0/toolchain/arm/arm-gnu-toolchain/bin/../lib/gcc/arm-none-eabi/6.3.1/thumb/v7e-m/crtend.o
LOAD c:/program files (x86)/atmel/studio/7.0/toolchain/arm/arm-gnu-toolchain/bin/../lib/gcc/arm-none-eabi/6.3.1/thumb/v7e-m/crtn.o
                0x00002000                STACK_SIZE = DEFINED (STACK_SIZE)?STACK_SIZE:0x2000
                0x2045fffc                __ram_end__ = ((ORIGIN (ram) + LENGTH (ram)) - 0x4)
                0x00000200                HEAP_SIZE = DEFINED (HEAP_SIZE)?HEAP_SIZE:0x200

.text           0x00400000     0x22b0
                0x00400000                . = ALIGN (0x4)
                0x00400000                _sfixed = .
 *(.vectors .vectors.*)
 .vectors       0x00400000      0x140 src/ASF/sam/utils/cmsis/same70/source/templates/gcc/startup_same70.o
                0x00400000                exception_table
 *(.text .text.* .gnu.linkonce.t.*)
 .text          0x00400140       0x6c c:/program files (x86)/atmel/studio/7.0/toolchain/arm/arm-gnu-toolchain/bin/../lib/gcc/arm-none-eabi/6.3.1/thumb/v7e-m/crtbegin.o
 .text.sysclk_init
                0x004001ac       0x74 src/ASF/common/services/clock/same70/sysclk.o
                0x004001ac                sysclk_init
 .text._read    0x00400220       0x3c src/ASF/common/utils/stdio/read.o
                0x00400220                _read
 .text._write   0x0040025c       0x50 src/ASF/common/utils/stdio/write.o
                0x0040025c                _write
 .text.pio_set  0x004002ac        0x4 src/ASF/sam/drivers/pio/pio.o
                0x004002ac                pio_set
 .text.pio_clear
                0x004002b0        0x4 src/ASF/sam/drivers/pio/pio.o
                0x004002b0                pio_clear
 .text.pio_set_peripheral
                0x004002b4       0x92 src/ASF/sam/drivers/pio/pio.o
                0x004002b4                pio_set_peripheral
 .text.pio_set_output
                0x00400346       0x28 src/ASF/sam/drivers/pio/pio.o
                0x00400346                pio_set_output
 .text.pio_get_output_data_status
                0x0040036e        0xc src/ASF/sam/drivers/pio/pio.o
                0x0040036e                pio_get_output_data_status
 .text.pio_get_interrupt_status
                0x0040037a        0x4 src/ASF/sam/drivers/pio/pio.o
                0x0040037a                pio_get_interrupt_status
 .text.pio_get_interrupt_mask
                0x0040037e        0x4 src/ASF/sam/drivers/pio/pio.o
                0x0040037e                pio_get_interrupt_mask
 *fill*         0x00400382        0x2 
 .text.pio_handler_process
                0x00400384       0x50 src/ASF/sam/drivers/pio/pio_handler.o
                0x00400384                pio_handler_process
 .text.PIOA_Handler
                0x004003d4       0x14 src/ASF/sam/drivers/pio/pio_handler.o
                0x004003d4                PIOA_Handler
 .text.PIOB_Handler
                0x004003e8       0x14 src/ASF/sam/drivers/pio/pio_handler.o
                0x004003e8                PIOB_Handler
 .text.PIOC_Handler
                0x004003fc       0x14 src/ASF/sam/drivers/pio/pio_handler.o
                0x004003fc                PIOC_Handler
 .text.PIOD_Handler
                0x00400410       0x14 src/ASF/sam/drivers/pio/pio_handler.o
                0x00400410                PIOD_Handler
 .text.PIOE_Handler
                0x00400424       0x14 src/ASF/sam/drivers/pio/pio_handler.o
                0x00400424                PIOE_Handler
 .text.pmc_mck_set_division
                0x00400438       0x38 src/ASF/sam/drivers/pmc/pmc.o
                0x00400438                pmc_mck_set_division
 .text.pmc_switch_mck_to_pllack
                0x00400470       0x64 src/ASF/sam/drivers/pmc/pmc.o
                0x00400470                pmc_switch_mck_to_pllack
 .text.pmc_switch_mainck_to_xtal
                0x004004d4       0x54 src/ASF/sam/drivers/pmc/pmc.o
                0x004004d4                pmc_switch_mainck_to_xtal
 .text.pmc_osc_is_ready_mainck
                0x00400528       0x10 src/ASF/sam/drivers/pmc/pmc.o
                0x00400528                pmc_osc_is_ready_mainck
 .text.pmc_disable_pllack
                0x00400538       0x10 src/ASF/sam/drivers/pmc/pmc.o
                0x00400538                pmc_disable_pllack
 .text.pmc_is_locked_pllack
                0x00400548       0x10 src/ASF/sam/drivers/pmc/pmc.o
                0x00400548                pmc_is_locked_pllack
 .text.pmc_enable_periph_clk
                0x00400558       0x54 src/ASF/sam/drivers/pmc/pmc.o
                0x00400558                pmc_enable_periph_clk
 .text.pmc_set_fast_startup_input
                0x004005ac       0x14 src/ASF/sam/drivers/pmc/pmc.o
                0x004005ac                pmc_set_fast_startup_input
 .text.pmc_set_flash_in_wait_mode
                0x004005c0        0x2 src/ASF/sam/drivers/pmc/pmc.o
                0x004005c0                pmc_set_flash_in_wait_mode
 *fill*         0x004005c2        0x2 
 .text.pmc_enable_waitmode
                0x004005c4       0x4c src/ASF/sam/drivers/pmc/pmc.o
                0x004005c4                pmc_enable_waitmode
 .text.pmc_sleep
                0x00400610      0x270 src/ASF/sam/drivers/pmc/sleep.o
                0x00400610                pmc_sleep
 .text.rtt_init
                0x00400880       0x14 src/ASF/sam/drivers/rtt/rtt.o
                0x00400880                rtt_init
 .text.rtt_enable
                0x00400894       0x18 src/ASF/sam/drivers/rtt/rtt.o
                0x00400894                rtt_enable
 .text.rtt_enable_interrupt
                0x004008ac       0x14 src/ASF/sam/drivers/rtt/rtt.o
                0x004008ac                rtt_enable_interrupt
 .text.rtt_disable_interrupt
                0x004008c0       0x14 src/ASF/sam/drivers/rtt/rtt.o
                0x004008c0                rtt_disable_interrupt
 .text.rtt_read_timer_value
                0x004008d4       0x14 src/ASF/sam/drivers/rtt/rtt.o
                0x004008d4                rtt_read_timer_value
 .text.rtt_get_status
                0x004008e8        0x4 src/ASF/sam/drivers/rtt/rtt.o
                0x004008e8                rtt_get_status
 .text.rtt_write_alarm_time
                0x004008ec       0x44 src/ASF/sam/drivers/rtt/rtt.o
                0x004008ec                rtt_write_alarm_time
 .text.supc_set_wakeup_mode
                0x00400930        0x4 src/ASF/sam/drivers/supc/supc.o
                0x00400930                supc_set_wakeup_mode
 .text.tc_get_status
                0x00400934        0x8 src/ASF/sam/drivers/tc/tc.o
                0x00400934                tc_get_status
 .text.uart_write
                0x0040093c       0x12 src/ASF/sam/drivers/uart/uart.o
                0x0040093c                uart_write
 .text.uart_read
                0x0040094e       0x14 src/ASF/sam/drivers/uart/uart.o
                0x0040094e                uart_read
 .text.usart_set_async_baudrate
                0x00400962       0x5a src/ASF/sam/drivers/usart/usart.o
                0x00400962                usart_set_async_baudrate
 .text.usart_reset
                0x004009bc       0x28 src/ASF/sam/drivers/usart/usart.o
                0x004009bc                usart_reset
 .text.usart_init_rs232
                0x004009e4       0x54 src/ASF/sam/drivers/usart/usart.o
                0x004009e4                usart_init_rs232
 .text.usart_enable_tx
                0x00400a38        0x6 src/ASF/sam/drivers/usart/usart.o
                0x00400a38                usart_enable_tx
 .text.usart_enable_rx
                0x00400a3e        0x6 src/ASF/sam/drivers/usart/usart.o
                0x00400a3e                usart_enable_rx
 .text.usart_enable_interrupt
                0x00400a44        0x4 src/ASF/sam/drivers/usart/usart.o
                0x00400a44                usart_enable_interrupt
 .text.usart_get_status
                0x00400a48        0x4 src/ASF/sam/drivers/usart/usart.o
                0x00400a48                usart_get_status
 .text.usart_write
                0x00400a4c       0x16 src/ASF/sam/drivers/usart/usart.o
                0x00400a4c                usart_write
 .text.usart_read
                0x00400a62       0x18 src/ASF/sam/drivers/usart/usart.o
                0x00400a62                usart_read
 .text.Dummy_Handler
                0x00400a7a        0x2 src/ASF/sam/utils/cmsis/same70/source/templates/gcc/startup_same70.o
                0x00400a7a                DACC_Handler
                0x00400a7a                DebugMon_Handler
                0x00400a7a                UART3_Handler
                0x00400a7a                UART2_Handler
                0x00400a7a                TRNG_Handler
                0x00400a7a                HardFault_Handler
                0x00400a7a                TC2_Handler
                0x00400a7a                SysTick_Handler
                0x00400a7a                AFEC1_Handler
                0x00400a7a                PendSV_Handler
                0x00400a7a                NMI_Handler
                0x00400a7a                TC7_Handler
                0x00400a7a                QSPI_Handler
                0x00400a7a                ISI_Handler
                0x00400a7a                TC9_Handler
                0x00400a7a                RSWDT_Handler
                0x00400a7a                MCAN1_Handler
                0x00400a7a                USART0_Handler
                0x00400a7a                USBHS_Handler
                0x00400a7a                RTC_Handler
                0x00400a7a                UsageFault_Handler
                0x00400a7a                TC6_Handler
                0x00400a7a                WDT_Handler
                0x00400a7a                TC4_Handler
                0x00400a7a                TC1_Handler
                0x00400a7a                HSMCI_Handler
                0x00400a7a                UART1_Handler
                0x00400a7a                TC3_Handler
                0x00400a7a                Dummy_Handler
                0x00400a7a                TWIHS1_Handler
                0x00400a7a                XDMAC_Handler
                0x00400a7a                UART4_Handler
                0x00400a7a                PWM1_Handler
                0x00400a7a                PWM0_Handler
                0x00400a7a                AFEC0_Handler
                0x00400a7a                SSC_Handler
                0x00400a7a                TC11_Handler
                0x00400a7a                ACC_Handler
                0x00400a7a                PMC_Handler
                0x00400a7a                GMAC_Handler
                0x00400a7a                MemManage_Handler
                0x00400a7a                SUPC_Handler
                0x00400a7a                SVC_Handler
                0x00400a7a                TC8_Handler
                0x00400a7a                EFC_Handler
                0x00400a7a                USART2_Handler
                0x00400a7a                SDRAMC_Handler
                0x00400a7a                SPI1_Handler
                0x00400a7a                MCAN0_Handler
                0x00400a7a                TC10_Handler
                0x00400a7a                TWIHS2_Handler
                0x00400a7a                UART0_Handler
                0x00400a7a                BusFault_Handler
                0x00400a7a                RSTC_Handler
                0x00400a7a                TC5_Handler
                0x00400a7a                ICM_Handler
                0x00400a7a                AES_Handler
                0x00400a7a                TWIHS0_Handler
                0x00400a7a                SPI0_Handler
 .text.Reset_Handler
                0x00400a7c       0xc8 src/ASF/sam/utils/cmsis/same70/source/templates/gcc/startup_same70.o
                0x00400a7c                Reset_Handler
 .text.SystemCoreClockUpdate
                0x00400b44      0x10c src/ASF/sam/utils/cmsis/same70/source/templates/system_same70.o
                0x00400b44                SystemCoreClockUpdate
 .text.system_init_flash
                0x00400c50       0x74 src/ASF/sam/utils/cmsis/same70/source/templates/system_same70.o
                0x00400c50                system_init_flash
 .text._sbrk    0x00400cc4       0x38 src/ASF/sam/utils/syscalls/gcc/syscalls.o
                0x00400cc4                _sbrk
 .text._close   0x00400cfc        0x6 src/ASF/sam/utils/syscalls/gcc/syscalls.o
                0x00400cfc                _close
 .text._fstat   0x00400d02        0xa src/ASF/sam/utils/syscalls/gcc/syscalls.o
                0x00400d02                _fstat
 .text._lseek   0x00400d0c        0x4 src/ASF/sam/utils/syscalls/gcc/syscalls.o
                0x00400d0c                _lseek
 .text.usart_serial_getchar
                0x00400d10       0xdc src/main.o
 .text.usart_serial_putchar
                0x00400dec       0xd4 src/main.o
 .text.pin_toggle
                0x00400ec0       0x2c src/main.o
                0x00400ec0                pin_toggle
 .text.TC0_Handler
                0x00400eec       0x30 src/main.o
                0x00400eec                TC0_Handler
 .text.LED_init
                0x00400f1c       0x2c src/main.o
                0x00400f1c                LED_init
 .text.RTT_Handler
                0x00400f48       0x3c src/main.o
                0x00400f48                RTT_Handler
 .text.USART1_Handler
                0x00400f84       0x38 src/main.o
                0x00400f84                USART1_Handler
 .text.main     0x00400fbc      0x1d4 src/main.o
                0x00400fbc                main
 .text.__libc_init_array
                0x00401190       0x50 c:/program files (x86)/atmel/studio/7.0/toolchain/arm/arm-gnu-toolchain/bin/../lib/gcc/arm-none-eabi/6.3.1/../../../../arm-none-eabi/lib/thumb/v7e-m\libc.a(lib_a-init.o)
                0x00401190                __libc_init_array
 .text.memset   0x004011e0       0x9c c:/program files (x86)/atmel/studio/7.0/toolchain/arm/arm-gnu-toolchain/bin/../lib/gcc/arm-none-eabi/6.3.1/../../../../arm-none-eabi/lib/thumb/v7e-m\libc.a(lib_a-memset.o)
                0x004011e0                memset
 .text.setbuf   0x0040127c       0x10 c:/program files (x86)/atmel/studio/7.0/toolchain/arm/arm-gnu-toolchain/bin/../lib/gcc/arm-none-eabi/6.3.1/../../../../arm-none-eabi/lib/thumb/v7e-m\libc.a(lib_a-setbuf.o)
                0x0040127c                setbuf
 .text.setvbuf  0x0040128c      0x190 c:/program files (x86)/atmel/studio/7.0/toolchain/arm/arm-gnu-toolchain/bin/../lib/gcc/arm-none-eabi/6.3.1/../../../../arm-none-eabi/lib/thumb/v7e-m\libc.a(lib_a-setvbuf.o)
                0x0040128c                setvbuf
 .text.startup.register_fini
                0x0040141c       0x14 c:/program files (x86)/atmel/studio/7.0/toolchain/arm/arm-gnu-toolchain/bin/../lib/gcc/arm-none-eabi/6.3.1/../../../../arm-none-eabi/lib/thumb/v7e-m\libc.a(lib_a-__call_atexit.o)
 .text.atexit   0x00401430        0xc c:/program files (x86)/atmel/studio/7.0/toolchain/arm/arm-gnu-toolchain/bin/../lib/gcc/arm-none-eabi/6.3.1/../../../../arm-none-eabi/lib/thumb/v7e-m\libc.a(lib_a-atexit.o)
                0x00401430                atexit
 .text.__sflush_r
                0x0040143c      0x140 c:/program files (x86)/atmel/studio/7.0/toolchain/arm/arm-gnu-toolchain/bin/../lib/gcc/arm-none-eabi/6.3.1/../../../../arm-none-eabi/lib/thumb/v7e-m\libc.a(lib_a-fflush.o)
                0x0040143c                __sflush_r
 .text._fflush_r
                0x0040157c       0x54 c:/program files (x86)/atmel/studio/7.0/toolchain/arm/arm-gnu-toolchain/bin/../lib/gcc/arm-none-eabi/6.3.1/../../../../arm-none-eabi/lib/thumb/v7e-m\libc.a(lib_a-fflush.o)
                0x0040157c                _fflush_r
 .text._cleanup_r
                0x004015d0        0xc c:/program files (x86)/atmel/studio/7.0/toolchain/arm/arm-gnu-toolchain/bin/../lib/gcc/arm-none-eabi/6.3.1/../../../../arm-none-eabi/lib/thumb/v7e-m\libc.a(lib_a-findfp.o)
                0x004015d0                _cleanup_r
 .text.std.isra.0
                0x004015dc       0x50 c:/program files (x86)/atmel/studio/7.0/toolchain/arm/arm-gnu-toolchain/bin/../lib/gcc/arm-none-eabi/6.3.1/../../../../arm-none-eabi/lib/thumb/v7e-m\libc.a(lib_a-findfp.o)
 .text.__sinit  0x0040162c       0x58 c:/program files (x86)/atmel/studio/7.0/toolchain/arm/arm-gnu-toolchain/bin/../lib/gcc/arm-none-eabi/6.3.1/../../../../arm-none-eabi/lib/thumb/v7e-m\libc.a(lib_a-findfp.o)
                0x0040162c                __sinit
 .text.__sfp_lock_acquire
                0x00401684        0xc c:/program files (x86)/atmel/studio/7.0/toolchain/arm/arm-gnu-toolchain/bin/../lib/gcc/arm-none-eabi/6.3.1/../../../../arm-none-eabi/lib/thumb/v7e-m\libc.a(lib_a-findfp.o)
                0x00401684                __sfp_lock_acquire
 .text.__sfp_lock_release
                0x00401690        0xc c:/program files (x86)/atmel/studio/7.0/toolchain/arm/arm-gnu-toolchain/bin/../lib/gcc/arm-none-eabi/6.3.1/../../../../arm-none-eabi/lib/thumb/v7e-m\libc.a(lib_a-findfp.o)
                0x00401690                __sfp_lock_release
 .text.__libc_fini_array
                0x0040169c       0x34 c:/program files (x86)/atmel/studio/7.0/toolchain/arm/arm-gnu-toolchain/bin/../lib/gcc/arm-none-eabi/6.3.1/../../../../arm-none-eabi/lib/thumb/v7e-m\libc.a(lib_a-fini.o)
                0x0040169c                __libc_fini_array
 .text._malloc_trim_r
                0x004016d0       0xa0 c:/program files (x86)/atmel/studio/7.0/toolchain/arm/arm-gnu-toolchain/bin/../lib/gcc/arm-none-eabi/6.3.1/../../../../arm-none-eabi/lib/thumb/v7e-m\libc.a(lib_a-freer.o)
                0x004016d0                _malloc_trim_r
 .text._free_r  0x00401770      0x1cc c:/program files (x86)/atmel/studio/7.0/toolchain/arm/arm-gnu-toolchain/bin/../lib/gcc/arm-none-eabi/6.3.1/../../../../arm-none-eabi/lib/thumb/v7e-m\libc.a(lib_a-freer.o)
                0x00401770                _free_r
 .text._fwalk_reent
                0x0040193c       0x54 c:/program files (x86)/atmel/studio/7.0/toolchain/arm/arm-gnu-toolchain/bin/../lib/gcc/arm-none-eabi/6.3.1/../../../../arm-none-eabi/lib/thumb/v7e-m\libc.a(lib_a-fwalk.o)
                0x0040193c                _fwalk_reent
 .text.__retarget_lock_init_recursive
                0x00401990        0x4 c:/program files (x86)/atmel/studio/7.0/toolchain/arm/arm-gnu-toolchain/bin/../lib/gcc/arm-none-eabi/6.3.1/../../../../arm-none-eabi/lib/thumb/v7e-m\libc.a(lib_a-lock.o)
                0x00401990                __retarget_lock_init_recursive
 .text.__retarget_lock_close_recursive
                0x00401994        0x4 c:/program files (x86)/atmel/studio/7.0/toolchain/arm/arm-gnu-toolchain/bin/../lib/gcc/arm-none-eabi/6.3.1/../../../../arm-none-eabi/lib/thumb/v7e-m\libc.a(lib_a-lock.o)
                0x00401994                __retarget_lock_close_recursive
 .text.__retarget_lock_acquire_recursive
                0x00401998        0x4 c:/program files (x86)/atmel/studio/7.0/toolchain/arm/arm-gnu-toolchain/bin/../lib/gcc/arm-none-eabi/6.3.1/../../../../arm-none-eabi/lib/thumb/v7e-m\libc.a(lib_a-lock.o)
                0x00401998                __retarget_lock_acquire_recursive
 .text.__retarget_lock_release_recursive
                0x0040199c        0x4 c:/program files (x86)/atmel/studio/7.0/toolchain/arm/arm-gnu-toolchain/bin/../lib/gcc/arm-none-eabi/6.3.1/../../../../arm-none-eabi/lib/thumb/v7e-m\libc.a(lib_a-lock.o)
                0x0040199c                __retarget_lock_release_recursive
 .text.__swhatbuf_r
                0x004019a0       0x5c c:/program files (x86)/atmel/studio/7.0/toolchain/arm/arm-gnu-toolchain/bin/../lib/gcc/arm-none-eabi/6.3.1/../../../../arm-none-eabi/lib/thumb/v7e-m\libc.a(lib_a-makebuf.o)
                0x004019a0                __swhatbuf_r
 .text.malloc   0x004019fc       0x10 c:/program files (x86)/atmel/studio/7.0/toolchain/arm/arm-gnu-toolchain/bin/../lib/gcc/arm-none-eabi/6.3.1/../../../../arm-none-eabi/lib/thumb/v7e-m\libc.a(lib_a-malloc.o)
                0x004019fc                malloc
 .text._malloc_r
                0x00401a0c      0x560 c:/program files (x86)/atmel/studio/7.0/toolchain/arm/arm-gnu-toolchain/bin/../lib/gcc/arm-none-eabi/6.3.1/../../../../arm-none-eabi/lib/thumb/v7e-m\libc.a(lib_a-mallocr.o)
                0x00401a0c                _malloc_r
 .text.__malloc_lock
                0x00401f6c        0xc c:/program files (x86)/atmel/studio/7.0/toolchain/arm/arm-gnu-toolchain/bin/../lib/gcc/arm-none-eabi/6.3.1/../../../../arm-none-eabi/lib/thumb/v7e-m\libc.a(lib_a-mlock.o)
                0x00401f6c                __malloc_lock
 .text.__malloc_unlock
                0x00401f78        0xc c:/program files (x86)/atmel/studio/7.0/toolchain/arm/arm-gnu-toolchain/bin/../lib/gcc/arm-none-eabi/6.3.1/../../../../arm-none-eabi/lib/thumb/v7e-m\libc.a(lib_a-mlock.o)
                0x00401f78                __malloc_unlock
 .text._sbrk_r  0x00401f84       0x24 c:/program files (x86)/atmel/studio/7.0/toolchain/arm/arm-gnu-toolchain/bin/../lib/gcc/arm-none-eabi/6.3.1/../../../../arm-none-eabi/lib/thumb/v7e-m\libc.a(lib_a-sbrkr.o)
                0x00401f84                _sbrk_r
 .text.__sread  0x00401fa8       0x24 c:/program files (x86)/atmel/studio/7.0/toolchain/arm/arm-gnu-toolchain/bin/../lib/gcc/arm-none-eabi/6.3.1/../../../../arm-none-eabi/lib/thumb/v7e-m\libc.a(lib_a-stdio.o)
                0x00401fa8                __sread
 .text.__swrite
                0x00401fcc       0x3c c:/program files (x86)/atmel/studio/7.0/toolchain/arm/arm-gnu-toolchain/bin/../lib/gcc/arm-none-eabi/6.3.1/../../../../arm-none-eabi/lib/thumb/v7e-m\libc.a(lib_a-stdio.o)
                0x00401fcc                __swrite
 .text.__sseek  0x00402008       0x20 c:/program files (x86)/atmel/studio/7.0/toolchain/arm/arm-gnu-toolchain/bin/../lib/gcc/arm-none-eabi/6.3.1/../../../../arm-none-eabi/lib/thumb/v7e-m\libc.a(lib_a-stdio.o)
                0x00402008                __sseek
 .text.__sclose
                0x00402028        0x8 c:/program files (x86)/atmel/studio/7.0/toolchain/arm/arm-gnu-toolchain/bin/../lib/gcc/arm-none-eabi/6.3.1/../../../../arm-none-eabi/lib/thumb/v7e-m\libc.a(lib_a-stdio.o)
                0x00402028                __sclose
 .text._write_r
                0x00402030       0x2c c:/program files (x86)/atmel/studio/7.0/toolchain/arm/arm-gnu-toolchain/bin/../lib/gcc/arm-none-eabi/6.3.1/../../../../arm-none-eabi/lib/thumb/v7e-m\libc.a(lib_a-writer.o)
                0x00402030                _write_r
 .text.__register_exitproc
                0x0040205c       0xc4 c:/program files (x86)/atmel/studio/7.0/toolchain/arm/arm-gnu-toolchain/bin/../lib/gcc/arm-none-eabi/6.3.1/../../../../arm-none-eabi/lib/thumb/v7e-m\libc.a(lib_a-__atexit.o)
                0x0040205c                __register_exitproc
 .text._close_r
                0x00402120       0x24 c:/program files (x86)/atmel/studio/7.0/toolchain/arm/arm-gnu-toolchain/bin/../lib/gcc/arm-none-eabi/6.3.1/../../../../arm-none-eabi/lib/thumb/v7e-m\libc.a(lib_a-closer.o)
                0x00402120                _close_r
 .text._fclose_r
                0x00402144       0xc4 c:/program files (x86)/atmel/studio/7.0/toolchain/arm/arm-gnu-toolchain/bin/../lib/gcc/arm-none-eabi/6.3.1/../../../../arm-none-eabi/lib/thumb/v7e-m\libc.a(lib_a-fclose.o)
                0x00402144                _fclose_r
 .text._fstat_r
                0x00402208       0x28 c:/program files (x86)/atmel/studio/7.0/toolchain/arm/arm-gnu-toolchain/bin/../lib/gcc/arm-none-eabi/6.3.1/../../../../arm-none-eabi/lib/thumb/v7e-m\libc.a(lib_a-fstatr.o)
                0x00402208                _fstat_r
 .text._lseek_r
                0x00402230       0x2c c:/program files (x86)/atmel/studio/7.0/toolchain/arm/arm-gnu-toolchain/bin/../lib/gcc/arm-none-eabi/6.3.1/../../../../arm-none-eabi/lib/thumb/v7e-m\libc.a(lib_a-lseekr.o)
                0x00402230                _lseek_r
 .text._read_r  0x0040225c       0x2c c:/program files (x86)/atmel/studio/7.0/toolchain/arm/arm-gnu-toolchain/bin/../lib/gcc/arm-none-eabi/6.3.1/../../../../arm-none-eabi/lib/thumb/v7e-m\libc.a(lib_a-readr.o)
                0x0040225c                _read_r
 *(.glue_7t)
 .glue_7t       0x00402288        0x0 linker stubs
 *(.glue_7)
 .glue_7        0x00402288        0x0 linker stubs
 *(.rodata .rodata* .gnu.linkonce.r.*)
 .rodata._global_impure_ptr
                0x00402288        0x4 c:/program files (x86)/atmel/studio/7.0/toolchain/arm/arm-gnu-toolchain/bin/../lib/gcc/arm-none-eabi/6.3.1/../../../../arm-none-eabi/lib/thumb/v7e-m\libc.a(lib_a-impure.o)
                0x00402288                _global_impure_ptr
 *(.ARM.extab* .gnu.linkonce.armextab.*)
                0x0040228c                . = ALIGN (0x4)
 *(.init)
 .init          0x0040228c        0x4 c:/program files (x86)/atmel/studio/7.0/toolchain/arm/arm-gnu-toolchain/bin/../lib/gcc/arm-none-eabi/6.3.1/thumb/v7e-m/crti.o
                0x0040228c                _init
 .init          0x00402290        0x8 c:/program files (x86)/atmel/studio/7.0/toolchain/arm/arm-gnu-toolchain/bin/../lib/gcc/arm-none-eabi/6.3.1/thumb/v7e-m/crtn.o
                0x00402298                . = ALIGN (0x4)
                0x00402298                __preinit_array_start = .
 *(.preinit_array)
                0x00402298                __preinit_array_end = .
                0x00402298                . = ALIGN (0x4)
                0x00402298                __init_array_start = .
 *(SORT(.init_array.*))
 .init_array.00000
                0x00402298        0x4 c:/program files (x86)/atmel/studio/7.0/toolchain/arm/arm-gnu-toolchain/bin/../lib/gcc/arm-none-eabi/6.3.1/../../../../arm-none-eabi/lib/thumb/v7e-m\libc.a(lib_a-__call_atexit.o)
 *(.init_array)
 .init_array    0x0040229c        0x4 c:/program files (x86)/atmel/studio/7.0/toolchain/arm/arm-gnu-toolchain/bin/../lib/gcc/arm-none-eabi/6.3.1/thumb/v7e-m/crtbegin.o
                0x004022a0                __init_array_end = .
                0x004022a0                . = ALIGN (0x4)
 *crtbegin.o(.ctors)
 *(EXCLUDE_FILE(*crtend.o) .ctors)
 *(SORT(.ctors.*))
 *crtend.o(.ctors)
                0x004022a0                . = ALIGN (0x4)
 *(.fini)
 .fini          0x004022a0        0x4 c:/program files (x86)/atmel/studio/7.0/toolchain/arm/arm-gnu-toolchain/bin/../lib/gcc/arm-none-eabi/6.3.1/thumb/v7e-m/crti.o
                0x004022a0                _fini
 .fini          0x004022a4        0x8 c:/program files (x86)/atmel/studio/7.0/toolchain/arm/arm-gnu-toolchain/bin/../lib/gcc/arm-none-eabi/6.3.1/thumb/v7e-m/crtn.o
                0x004022ac                . = ALIGN (0x4)
                0x004022ac                __fini_array_start = .
 *(.fini_array)
 .fini_array    0x004022ac        0x4 c:/program files (x86)/atmel/studio/7.0/toolchain/arm/arm-gnu-toolchain/bin/../lib/gcc/arm-none-eabi/6.3.1/thumb/v7e-m/crtbegin.o
 *(SORT(.fini_array.*))
                0x004022b0                __fini_array_end = .
 *crtbegin.o(.dtors)
 *(EXCLUDE_FILE(*crtend.o) .dtors)
 *(SORT(.dtors.*))
 *crtend.o(.dtors)
                0x004022b0                . = ALIGN (0x4)
                0x004022b0                _efixed = .
                [!provide]                PROVIDE (__exidx_start, .)

.vfp11_veneer   0x004022b0        0x0
 .vfp11_veneer  0x004022b0        0x0 linker stubs

.v4_bx          0x004022b0        0x0
 .v4_bx         0x004022b0        0x0 linker stubs

.iplt           0x004022b0        0x0
 .iplt          0x004022b0        0x0 c:/program files (x86)/atmel/studio/7.0/toolchain/arm/arm-gnu-toolchain/bin/../lib/gcc/arm-none-eabi/6.3.1/thumb/v7e-m/crtbegin.o

.eh_frame       0x004022b0        0x0
 .eh_frame      0x004022b0        0x0 c:/program files (x86)/atmel/studio/7.0/toolchain/arm/arm-gnu-toolchain/bin/../lib/gcc/arm-none-eabi/6.3.1/thumb/v7e-m/crtbegin.o

.rel.dyn        0x004022b0        0x0
 .rel.iplt      0x004022b0        0x0 c:/program files (x86)/atmel/studio/7.0/toolchain/arm/arm-gnu-toolchain/bin/../lib/gcc/arm-none-eabi/6.3.1/thumb/v7e-m/crtbegin.o

.jcr            0x004022b0        0x0
 .jcr           0x004022b0        0x0 c:/program files (x86)/atmel/studio/7.0/toolchain/arm/arm-gnu-toolchain/bin/../lib/gcc/arm-none-eabi/6.3.1/thumb/v7e-m/crtbegin.o

.igot.plt       0x004022b0        0x0
 .igot.plt      0x004022b0        0x0 c:/program files (x86)/atmel/studio/7.0/toolchain/arm/arm-gnu-toolchain/bin/../lib/gcc/arm-none-eabi/6.3.1/thumb/v7e-m/crtbegin.o

.ARM.exidx
 *(.ARM.exidx* .gnu.linkonce.armexidx.*)
                [!provide]                PROVIDE (__exidx_end, .)
                0x004022b0                . = ALIGN (0x4)
                0x004022b0                _etext = .

.relocate       0x20400000      0x84c load address 0x004022b0
                0x20400000                . = ALIGN (0x4)
                0x20400000                _srelocate = .
 *(.ramfunc .ramfunc.*)
 *(.data .data.*)
 .data.g_interrupt_enabled
                0x20400000        0x1 src/ASF/common/utils/interrupt/interrupt_sam_nvic.o
                0x20400000                g_interrupt_enabled
 *fill*         0x20400001        0x3 
 .data.SystemCoreClock
                0x20400004        0x4 src/ASF/sam/utils/cmsis/same70/source/templates/system_same70.o
                0x20400004                SystemCoreClock
 .data._impure_ptr
                0x20400008        0x4 c:/program files (x86)/atmel/studio/7.0/toolchain/arm/arm-gnu-toolchain/bin/../lib/gcc/arm-none-eabi/6.3.1/../../../../arm-none-eabi/lib/thumb/v7e-m\libc.a(lib_a-impure.o)
                0x20400008                _impure_ptr
 *fill*         0x2040000c        0x4 
 .data.impure_data
                0x20400010      0x428 c:/program files (x86)/atmel/studio/7.0/toolchain/arm/arm-gnu-toolchain/bin/../lib/gcc/arm-none-eabi/6.3.1/../../../../arm-none-eabi/lib/thumb/v7e-m\libc.a(lib_a-impure.o)
 .data.__atexit_recursive_mutex
                0x20400438        0x4 c:/program files (x86)/atmel/studio/7.0/toolchain/arm/arm-gnu-toolchain/bin/../lib/gcc/arm-none-eabi/6.3.1/../../../../arm-none-eabi/lib/thumb/v7e-m\libc.a(lib_a-__call_atexit.o)
                0x20400438                __atexit_recursive_mutex
 .data.__malloc_av_
                0x2040043c      0x408 c:/program files (x86)/atmel/studio/7.0/toolchain/arm/arm-gnu-toolchain/bin/../lib/gcc/arm-none-eabi/6.3.1/../../../../arm-none-eabi/lib/thumb/v7e-m\libc.a(lib_a-mallocr.o)
                0x2040043c                __malloc_av_
 .data.__malloc_sbrk_base
                0x20400844        0x4 c:/program files (x86)/atmel/studio/7.0/toolchain/arm/arm-gnu-toolchain/bin/../lib/gcc/arm-none-eabi/6.3.1/../../../../arm-none-eabi/lib/thumb/v7e-m\libc.a(lib_a-mallocr.o)
                0x20400844                __malloc_sbrk_base
 .data.__malloc_trim_threshold
                0x20400848        0x4 c:/program files (x86)/atmel/studio/7.0/toolchain/arm/arm-gnu-toolchain/bin/../lib/gcc/arm-none-eabi/6.3.1/../../../../arm-none-eabi/lib/thumb/v7e-m\libc.a(lib_a-mallocr.o)
                0x20400848                __malloc_trim_threshold
                0x2040084c                . = ALIGN (0x4)
                0x2040084c                _erelocate = .

.bss            0x2040084c      0x108 load address 0x00402afc
                0x2040084c                . = ALIGN (0x4)
                0x2040084c                _sbss = .
                0x2040084c                _szero = .
 *(.bss .bss.*)
 .bss           0x2040084c       0x1c c:/program files (x86)/atmel/studio/7.0/toolchain/arm/arm-gnu-toolchain/bin/../lib/gcc/arm-none-eabi/6.3.1/thumb/v7e-m/crtbegin.o
 .bss.gs_interrupt_sources
                0x20400868       0x70 src/ASF/sam/drivers/pio/pio_handler.o
 .bss.b_is_sleep_clock_used
                0x204008d8        0x1 src/ASF/sam/drivers/pmc/sleep.o
 *fill*         0x204008d9        0x3 
 .bss.callback_clocks_restored
                0x204008dc        0x4 src/ASF/sam/drivers/pmc/sleep.o
 .bss.g_wobits_in_rtt_mr
                0x204008e0        0x4 src/ASF/sam/drivers/rtt/rtt.o
 .bss.ul_reg_val.9325
                0x204008e4        0x4 src/ASF/sam/drivers/usart/usart.o
 .bss.heap.6420
                0x204008e8        0x4 src/ASF/sam/utils/syscalls/gcc/syscalls.o
 .bss.__malloc_current_mallinfo
                0x204008ec       0x28 c:/program files (x86)/atmel/studio/7.0/toolchain/arm/arm-gnu-toolchain/bin/../lib/gcc/arm-none-eabi/6.3.1/../../../../arm-none-eabi/lib/thumb/v7e-m\libc.a(lib_a-mallocr.o)
                0x204008ec                __malloc_current_mallinfo
 .bss.__malloc_max_sbrked_mem
                0x20400914        0x4 c:/program files (x86)/atmel/studio/7.0/toolchain/arm/arm-gnu-toolchain/bin/../lib/gcc/arm-none-eabi/6.3.1/../../../../arm-none-eabi/lib/thumb/v7e-m\libc.a(lib_a-mallocr.o)
                0x20400914                __malloc_max_sbrked_mem
 .bss.__malloc_max_total_mem
                0x20400918        0x4 c:/program files (x86)/atmel/studio/7.0/toolchain/arm/arm-gnu-toolchain/bin/../lib/gcc/arm-none-eabi/6.3.1/../../../../arm-none-eabi/lib/thumb/v7e-m\libc.a(lib_a-mallocr.o)
                0x20400918                __malloc_max_total_mem
 .bss.__malloc_top_pad
                0x2040091c        0x4 c:/program files (x86)/atmel/studio/7.0/toolchain/arm/arm-gnu-toolchain/bin/../lib/gcc/arm-none-eabi/6.3.1/../../../../arm-none-eabi/lib/thumb/v7e-m\libc.a(lib_a-mallocr.o)
                0x2040091c                __malloc_top_pad
 *(COMMON)
 COMMON         0x20400920        0x4 src/ASF/common/utils/stdio/read.o
                0x20400920                ptr_get
 COMMON         0x20400924        0x8 src/ASF/common/utils/stdio/write.o
                0x20400924                ptr_put
                0x20400928                stdio_base
 COMMON         0x2040092c       0x21 c:/program files (x86)/atmel/studio/7.0/toolchain/arm/arm-gnu-toolchain/bin/../lib/gcc/arm-none-eabi/6.3.1/../../../../arm-none-eabi/lib/thumb/v7e-m\libc.a(lib_a-lock.o)
                0x2040092c                __lock___atexit_recursive_mutex
                0x20400930                __lock___arc4random_mutex
                0x20400934                __lock___env_recursive_mutex
                0x20400938                __lock___sinit_recursive_mutex
                0x2040093c                __lock___malloc_recursive_mutex
                0x20400940                __lock___at_quick_exit_mutex
                0x20400944                __lock___dd_hash_mutex
                0x20400948                __lock___tz_mutex
                0x2040094c                __lock___sfp_recursive_mutex
 *fill*         0x2040094d        0x3 
 COMMON         0x20400950        0x4 c:/program files (x86)/atmel/studio/7.0/toolchain/arm/arm-gnu-toolchain/bin/../lib/gcc/arm-none-eabi/6.3.1/../../../../arm-none-eabi/lib/thumb/v7e-m\libc.a(lib_a-reent.o)
                0x20400950                errno
                0x20400954                . = ALIGN (0x4)
                0x20400954                _ebss = .
                0x20400954                _ezero = .

.stack          0x20400954     0x2004 load address 0x00402c04
                0x20400958                . = ALIGN (0x8)
 *fill*         0x20400954        0x4 
                0x20400958                _sstack = .
                0x20402958                . = (. + STACK_SIZE)
 *fill*         0x20400958     0x2000 
                0x20402958                . = ALIGN (0x8)
                0x20402958                _estack = .

.heap           0x20402958      0x200 load address 0x00404c08
                0x20402958                . = ALIGN (0x8)
                0x20402958                _sheap = .
                0x20402b58                . = (. + HEAP_SIZE)
 *fill*         0x20402958      0x200 
                0x20402b58                . = ALIGN (0x8)
                0x20402b58                _eheap = .
                0x20402b58                . = ALIGN (0x4)
                0x20402b58                _end = .
                0x2045ffff                _ram_end_ = ((ORIGIN (ram) + LENGTH (ram)) - 0x1)
OUTPUT(SAME70.elf elf32-littlearm)

.ARM.attributes
                0x00000000       0x2e
 .ARM.attributes
                0x00000000       0x1e c:/program files (x86)/atmel/studio/7.0/toolchain/arm/arm-gnu-toolchain/bin/../lib/gcc/arm-none-eabi/6.3.1/thumb/v7e-m/crti.o
 .ARM.attributes
                0x0000001e       0x2e c:/program files (x86)/atmel/studio/7.0/toolchain/arm/arm-gnu-toolchain/bin/../lib/gcc/arm-none-eabi/6.3.1/thumb/v7e-m/crtbegin.o
 .ARM.attributes
                0x0000004c       0x37 src/ASF/common/services/clock/same70/sysclk.o
 .ARM.attributes
                0x00000083       0x37 src/ASF/common/utils/interrupt/interrupt_sam_nvic.o
 .ARM.attributes
                0x000000ba       0x37 src/ASF/common/utils/stdio/read.o
 .ARM.attributes
                0x000000f1       0x37 src/ASF/common/utils/stdio/write.o
 .ARM.attributes
                0x00000128       0x37 src/ASF/sam/drivers/pio/pio.o
 .ARM.attributes
                0x0000015f       0x37 src/ASF/sam/drivers/pio/pio_handler.o
 .ARM.attributes
                0x00000196       0x37 src/ASF/sam/drivers/pmc/pmc.o
 .ARM.attributes
                0x000001cd       0x37 src/ASF/sam/drivers/pmc/sleep.o
 .ARM.attributes
                0x00000204       0x37 src/ASF/sam/drivers/rtt/rtt.o
 .ARM.attributes
                0x0000023b       0x37 src/ASF/sam/drivers/supc/supc.o
 .ARM.attributes
                0x00000272       0x37 src/ASF/sam/drivers/tc/tc.o
 .ARM.attributes
                0x000002a9       0x37 src/ASF/sam/drivers/uart/uart.o
 .ARM.attributes
                0x000002e0       0x37 src/ASF/sam/drivers/usart/usart.o
 .ARM.attributes
                0x00000317       0x37 src/ASF/sam/utils/cmsis/same70/source/templates/gcc/startup_same70.o
 .ARM.attributes
                0x0000034e       0x37 src/ASF/sam/utils/cmsis/same70/source/templates/system_same70.o
 .ARM.attributes
                0x00000385       0x37 src/ASF/sam/utils/syscalls/gcc/syscalls.o
 .ARM.attributes
                0x000003bc       0x37 src/main.o
 .ARM.attributes
                0x000003f3       0x2e c:/program files (x86)/atmel/studio/7.0/toolchain/arm/arm-gnu-toolchain/bin/../lib/gcc/arm-none-eabi/6.3.1/../../../../arm-none-eabi/lib/thumb/v7e-m\libc.a(lib_a-impure.o)
 .ARM.attributes
                0x00000421       0x2e c:/program files (x86)/atmel/studio/7.0/toolchain/arm/arm-gnu-toolchain/bin/../lib/gcc/arm-none-eabi/6.3.1/../../../../arm-none-eabi/lib/thumb/v7e-m\libc.a(lib_a-init.o)
 .ARM.attributes
                0x0000044f       0x2e c:/program files (x86)/atmel/studio/7.0/toolchain/arm/arm-gnu-toolchain/bin/../lib/gcc/arm-none-eabi/6.3.1/../../../../arm-none-eabi/lib/thumb/v7e-m\libc.a(lib_a-memset.o)
 .ARM.attributes
                0x0000047d       0x2e c:/program files (x86)/atmel/studio/7.0/toolchain/arm/arm-gnu-toolchain/bin/../lib/gcc/arm-none-eabi/6.3.1/../../../../arm-none-eabi/lib/thumb/v7e-m\libc.a(lib_a-setbuf.o)
 .ARM.attributes
                0x000004ab       0x2e c:/program files (x86)/atmel/studio/7.0/toolchain/arm/arm-gnu-toolchain/bin/../lib/gcc/arm-none-eabi/6.3.1/../../../../arm-none-eabi/lib/thumb/v7e-m\libc.a(lib_a-setvbuf.o)
 .ARM.attributes
                0x000004d9       0x2e c:/program files (x86)/atmel/studio/7.0/toolchain/arm/arm-gnu-toolchain/bin/../lib/gcc/arm-none-eabi/6.3.1/../../../../arm-none-eabi/lib/thumb/v7e-m\libc.a(lib_a-__call_atexit.o)
 .ARM.attributes
                0x00000507       0x2e c:/program files (x86)/atmel/studio/7.0/toolchain/arm/arm-gnu-toolchain/bin/../lib/gcc/arm-none-eabi/6.3.1/../../../../arm-none-eabi/lib/thumb/v7e-m\libc.a(lib_a-atexit.o)
 .ARM.attributes
                0x00000535       0x2e c:/program files (x86)/atmel/studio/7.0/toolchain/arm/arm-gnu-toolchain/bin/../lib/gcc/arm-none-eabi/6.3.1/../../../../arm-none-eabi/lib/thumb/v7e-m\libc.a(lib_a-fflush.o)
 .ARM.attributes
                0x00000563       0x2e c:/program files (x86)/atmel/studio/7.0/toolchain/arm/arm-gnu-toolchain/bin/../lib/gcc/arm-none-eabi/6.3.1/../../../../arm-none-eabi/lib/thumb/v7e-m\libc.a(lib_a-findfp.o)
 .ARM.attributes
                0x00000591       0x2e c:/program files (x86)/atmel/studio/7.0/toolchain/arm/arm-gnu-toolchain/bin/../lib/gcc/arm-none-eabi/6.3.1/../../../../arm-none-eabi/lib/thumb/v7e-m\libc.a(lib_a-fini.o)
 .ARM.attributes
                0x000005bf       0x2e c:/program files (x86)/atmel/studio/7.0/toolchain/arm/arm-gnu-toolchain/bin/../lib/gcc/arm-none-eabi/6.3.1/../../../../arm-none-eabi/lib/thumb/v7e-m\libc.a(lib_a-freer.o)
 .ARM.attributes
                0x000005ed       0x2e c:/program files (x86)/atmel/studio/7.0/toolchain/arm/arm-gnu-toolchain/bin/../lib/gcc/arm-none-eabi/6.3.1/../../../../arm-none-eabi/lib/thumb/v7e-m\libc.a(lib_a-fwalk.o)
 .ARM.attributes
                0x0000061b       0x2e c:/program files (x86)/atmel/studio/7.0/toolchain/arm/arm-gnu-toolchain/bin/../lib/gcc/arm-none-eabi/6.3.1/../../../../arm-none-eabi/lib/thumb/v7e-m\libc.a(lib_a-lock.o)
 .ARM.attributes
                0x00000649       0x2e c:/program files (x86)/atmel/studio/7.0/toolchain/arm/arm-gnu-toolchain/bin/../lib/gcc/arm-none-eabi/6.3.1/../../../../arm-none-eabi/lib/thumb/v7e-m\libc.a(lib_a-makebuf.o)
 .ARM.attributes
                0x00000677       0x2e c:/program files (x86)/atmel/studio/7.0/toolchain/arm/arm-gnu-toolchain/bin/../lib/gcc/arm-none-eabi/6.3.1/../../../../arm-none-eabi/lib/thumb/v7e-m\libc.a(lib_a-malloc.o)
 .ARM.attributes
                0x000006a5       0x2e c:/program files (x86)/atmel/studio/7.0/toolchain/arm/arm-gnu-toolchain/bin/../lib/gcc/arm-none-eabi/6.3.1/../../../../arm-none-eabi/lib/thumb/v7e-m\libc.a(lib_a-mallocr.o)
 .ARM.attributes
                0x000006d3       0x2e c:/program files (x86)/atmel/studio/7.0/toolchain/arm/arm-gnu-toolchain/bin/../lib/gcc/arm-none-eabi/6.3.1/../../../../arm-none-eabi/lib/thumb/v7e-m\libc.a(lib_a-mlock.o)
 .ARM.attributes
                0x00000701       0x2e c:/program files (x86)/atmel/studio/7.0/toolchain/arm/arm-gnu-toolchain/bin/../lib/gcc/arm-none-eabi/6.3.1/../../../../arm-none-eabi/lib/thumb/v7e-m\libc.a(lib_a-sbrkr.o)
 .ARM.attributes
                0x0000072f       0x2e c:/program files (x86)/atmel/studio/7.0/toolchain/arm/arm-gnu-toolchain/bin/../lib/gcc/arm-none-eabi/6.3.1/../../../../arm-none-eabi/lib/thumb/v7e-m\libc.a(lib_a-stdio.o)
 .ARM.attributes
                0x0000075d       0x2e c:/program files (x86)/atmel/studio/7.0/toolchain/arm/arm-gnu-toolchain/bin/../lib/gcc/arm-none-eabi/6.3.1/../../../../arm-none-eabi/lib/thumb/v7e-m\libc.a(lib_a-writer.o)
 .ARM.attributes
                0x0000078b       0x2e c:/program files (x86)/atmel/studio/7.0/toolchain/arm/arm-gnu-toolchain/bin/../lib/gcc/arm-none-eabi/6.3.1/../../../../arm-none-eabi/lib/thumb/v7e-m\libc.a(lib_a-__atexit.o)
 .ARM.attributes
                0x000007b9       0x2e c:/program files (x86)/atmel/studio/7.0/toolchain/arm/arm-gnu-toolchain/bin/../lib/gcc/arm-none-eabi/6.3.1/../../../../arm-none-eabi/lib/thumb/v7e-m\libc.a(lib_a-closer.o)
 .ARM.attributes
                0x000007e7       0x2e c:/program files (x86)/atmel/studio/7.0/toolchain/arm/arm-gnu-toolchain/bin/../lib/gcc/arm-none-eabi/6.3.1/../../../../arm-none-eabi/lib/thumb/v7e-m\libc.a(lib_a-fclose.o)
 .ARM.attributes
                0x00000815       0x2e c:/program files (x86)/atmel/studio/7.0/toolchain/arm/arm-gnu-toolchain/bin/../lib/gcc/arm-none-eabi/6.3.1/../../../../arm-none-eabi/lib/thumb/v7e-m\libc.a(lib_a-fstatr.o)
 .ARM.attributes
                0x00000843       0x2e c:/program files (x86)/atmel/studio/7.0/toolchain/arm/arm-gnu-toolchain/bin/../lib/gcc/arm-none-eabi/6.3.1/../../../../arm-none-eabi/lib/thumb/v7e-m\libc.a(lib_a-lseekr.o)
 .ARM.attributes
                0x00000871       0x2e c:/program files (x86)/atmel/studio/7.0/toolchain/arm/arm-gnu-toolchain/bin/../lib/gcc/arm-none-eabi/6.3.1/../../../../arm-none-eabi/lib/thumb/v7e-m\libc.a(lib_a-readr.o)
 .ARM.attributes
                0x0000089f       0x2e c:/program files (x86)/atmel/studio/7.0/toolchain/arm/arm-gnu-toolchain/bin/../lib/gcc/arm-none-eabi/6.3.1/../../../../arm-none-eabi/lib/thumb/v7e-m\libc.a(lib_a-reent.o)
 .ARM.attributes
                0x000008cd       0x1e c:/program files (x86)/atmel/studio/7.0/toolchain/arm/arm-gnu-toolchain/bin/../lib/gcc/arm-none-eabi/6.3.1/thumb/v7e-m/crtn.o

.comment        0x00000000       0x59
 .comment       0x00000000       0x59 src/ASF/common/services/clock/same70/sysclk.o
                                 0x5a (size before relaxing)
 .comment       0x00000059       0x5a src/ASF/common/utils/interrupt/interrupt_sam_nvic.o
 .comment       0x00000059       0x5a src/ASF/common/utils/stdio/read.o
 .comment       0x00000059       0x5a src/ASF/common/utils/stdio/write.o
 .comment       0x00000059       0x5a src/ASF/sam/drivers/pio/pio.o
 .comment       0x00000059       0x5a src/ASF/sam/drivers/pio/pio_handler.o
 .comment       0x00000059       0x5a src/ASF/sam/drivers/pmc/pmc.o
 .comment       0x00000059       0x5a src/ASF/sam/drivers/pmc/sleep.o
 .comment       0x00000059       0x5a src/ASF/sam/drivers/rtt/rtt.o
 .comment       0x00000059       0x5a src/ASF/sam/drivers/supc/supc.o
 .comment       0x00000059       0x5a src/ASF/sam/drivers/tc/tc.o
 .comment       0x00000059       0x5a src/ASF/sam/drivers/uart/uart.o
 .comment       0x00000059       0x5a src/ASF/sam/drivers/usart/usart.o
 .comment       0x00000059       0x5a src/ASF/sam/utils/cmsis/same70/source/templates/gcc/startup_same70.o
 .comment       0x00000059       0x5a src/ASF/sam/utils/cmsis/same70/source/templates/system_same70.o
 .comment       0x00000059       0x5a src/ASF/sam/utils/syscalls/gcc/syscalls.o
 .comment       0x00000059       0x5a src/main.o

.debug_info     0x00000000    0x15886
 .debug_info    0x00000000     0x126a src/ASF/common/services/clock/same70/sysclk.o
 .debug_info    0x0000126a      0xb01 src/ASF/common/utils/interrupt/interrupt_sam_nvic.o
 .debug_info    0x00001d6b      0xac9 src/ASF/common/utils/stdio/read.o
 .debug_info    0x00002834      0xac6 src/ASF/common/utils/stdio/write.o
 .debug_info    0x000032fa     0x2150 src/ASF/sam/drivers/pio/pio.o
 .debug_info    0x0000544a     0x1b22 src/ASF/sam/drivers/pio/pio_handler.o
 .debug_info    0x00006f6c     0x1dd6 src/ASF/sam/drivers/pmc/pmc.o
 .debug_info    0x00008d42     0x1640 src/ASF/sam/drivers/pmc/sleep.o
 .debug_info    0x0000a382      0xcd1 src/ASF/sam/drivers/rtt/rtt.o
 .debug_info    0x0000b053      0xe8a src/ASF/sam/drivers/supc/supc.o
 .debug_info    0x0000bedd     0x1233 src/ASF/sam/drivers/tc/tc.o
 .debug_info    0x0000d110     0x103b src/ASF/sam/drivers/uart/uart.o
 .debug_info    0x0000e14b     0x2324 src/ASF/sam/drivers/usart/usart.o
 .debug_info    0x0001046f     0x156a src/ASF/sam/utils/cmsis/same70/source/templates/gcc/startup_same70.o
 .debug_info    0x000119d9      0x55b src/ASF/sam/utils/cmsis/same70/source/templates/system_same70.o
 .debug_info    0x00011f34      0xdb0 src/ASF/sam/utils/syscalls/gcc/syscalls.o
 .debug_info    0x00012ce4     0x2ba2 src/main.o

.debug_abbrev   0x00000000     0x2e86
 .debug_abbrev  0x00000000      0x31f src/ASF/common/services/clock/same70/sysclk.o
 .debug_abbrev  0x0000031f      0x212 src/ASF/common/utils/interrupt/interrupt_sam_nvic.o
 .debug_abbrev  0x00000531      0x1fe src/ASF/common/utils/stdio/read.o
 .debug_abbrev  0x0000072f      0x1e9 src/ASF/common/utils/stdio/write.o
 .debug_abbrev  0x00000918      0x410 src/ASF/sam/drivers/pio/pio.o
 .debug_abbrev  0x00000d28      0x32f src/ASF/sam/drivers/pio/pio_handler.o
 .debug_abbrev  0x00001057      0x369 src/ASF/sam/drivers/pmc/pmc.o
 .debug_abbrev  0x000013c0      0x32b src/ASF/sam/drivers/pmc/sleep.o
 .debug_abbrev  0x000016eb      0x256 src/ASF/sam/drivers/rtt/rtt.o
 .debug_abbrev  0x00001941      0x245 src/ASF/sam/drivers/supc/supc.o
 .debug_abbrev  0x00001b86      0x293 src/ASF/sam/drivers/tc/tc.o
 .debug_abbrev  0x00001e19      0x26e src/ASF/sam/drivers/uart/uart.o
 .debug_abbrev  0x00002087      0x3bd src/ASF/sam/drivers/usart/usart.o
 .debug_abbrev  0x00002444      0x2e4 src/ASF/sam/utils/cmsis/same70/source/templates/gcc/startup_same70.o
 .debug_abbrev  0x00002728      0x102 src/ASF/sam/utils/cmsis/same70/source/templates/system_same70.o
 .debug_abbrev  0x0000282a      0x264 src/ASF/sam/utils/syscalls/gcc/syscalls.o
 .debug_abbrev  0x00002a8e      0x3f8 src/main.o

.debug_loc      0x00000000     0x4b67
 .debug_loc     0x00000000      0x183 src/ASF/common/services/clock/same70/sysclk.o
 .debug_loc     0x00000183       0xb3 src/ASF/common/utils/stdio/read.o
 .debug_loc     0x00000236      0x12b src/ASF/common/utils/stdio/write.o
 .debug_loc     0x00000361      0xea4 src/ASF/sam/drivers/pio/pio.o
 .debug_loc     0x00001205      0x588 src/ASF/sam/drivers/pio/pio_handler.o
 .debug_loc     0x0000178d      0xce3 src/ASF/sam/drivers/pmc/pmc.o
 .debug_loc     0x00002470      0x389 src/ASF/sam/drivers/pmc/sleep.o
 .debug_loc     0x000027f9      0x1c7 src/ASF/sam/drivers/rtt/rtt.o
 .debug_loc     0x000029c0      0x1e8 src/ASF/sam/drivers/supc/supc.o
 .debug_loc     0x00002ba8      0x5a4 src/ASF/sam/drivers/tc/tc.o
 .debug_loc     0x0000314c      0x2a3 src/ASF/sam/drivers/uart/uart.o
 .debug_loc     0x000033ef      0xf35 src/ASF/sam/drivers/usart/usart.o
 .debug_loc     0x00004324       0x77 src/ASF/sam/utils/cmsis/same70/source/templates/gcc/startup_same70.o
 .debug_loc     0x0000439b       0xfd src/ASF/sam/utils/syscalls/gcc/syscalls.o
 .debug_loc     0x00004498      0x6cf src/main.o

.debug_aranges  0x00000000      0xba8
 .debug_aranges
                0x00000000       0x40 src/ASF/common/services/clock/same70/sysclk.o
 .debug_aranges
                0x00000040       0x28 src/ASF/common/utils/interrupt/interrupt_sam_nvic.o
 .debug_aranges
                0x00000068       0x20 src/ASF/common/utils/stdio/read.o
 .debug_aranges
                0x00000088       0x20 src/ASF/common/utils/stdio/write.o
 .debug_aranges
                0x000000a8      0x1a8 src/ASF/sam/drivers/pio/pio.o
 .debug_aranges
                0x00000250       0x60 src/ASF/sam/drivers/pio/pio_handler.o
 .debug_aranges
                0x000002b0      0x250 src/ASF/sam/drivers/pmc/pmc.o
 .debug_aranges
                0x00000500       0x30 src/ASF/sam/drivers/pmc/sleep.o
 .debug_aranges
                0x00000530       0x60 src/ASF/sam/drivers/rtt/rtt.o
 .debug_aranges
                0x00000590       0xb0 src/ASF/sam/drivers/supc/supc.o
 .debug_aranges
                0x00000640       0xd0 src/ASF/sam/drivers/tc/tc.o
 .debug_aranges
                0x00000710       0xd8 src/ASF/sam/drivers/uart/uart.o
 .debug_aranges
                0x000007e8      0x2a8 src/ASF/sam/drivers/usart/usart.o
 .debug_aranges
                0x00000a90       0x28 src/ASF/sam/utils/cmsis/same70/source/templates/gcc/startup_same70.o
 .debug_aranges
                0x00000ab8       0x30 src/ASF/sam/utils/cmsis/same70/source/templates/system_same70.o
 .debug_aranges
                0x00000ae8       0x60 src/ASF/sam/utils/syscalls/gcc/syscalls.o
 .debug_aranges
                0x00000b48       0x60 src/main.o

.debug_ranges   0x00000000      0xbe8
 .debug_ranges  0x00000000       0x30 src/ASF/common/services/clock/same70/sysclk.o
 .debug_ranges  0x00000030       0x18 src/ASF/common/utils/interrupt/interrupt_sam_nvic.o
 .debug_ranges  0x00000048       0x10 src/ASF/common/utils/stdio/read.o
 .debug_ranges  0x00000058       0x10 src/ASF/common/utils/stdio/write.o
 .debug_ranges  0x00000068      0x2a0 src/ASF/sam/drivers/pio/pio.o
 .debug_ranges  0x00000308       0x68 src/ASF/sam/drivers/pio/pio_handler.o
 .debug_ranges  0x00000370      0x240 src/ASF/sam/drivers/pmc/pmc.o
 .debug_ranges  0x000005b0       0x50 src/ASF/sam/drivers/pmc/sleep.o
 .debug_ranges  0x00000600       0x50 src/ASF/sam/drivers/rtt/rtt.o
 .debug_ranges  0x00000650       0xa0 src/ASF/sam/drivers/supc/supc.o
 .debug_ranges  0x000006f0       0xc0 src/ASF/sam/drivers/tc/tc.o
 .debug_ranges  0x000007b0       0xc8 src/ASF/sam/drivers/uart/uart.o
 .debug_ranges  0x00000878      0x298 src/ASF/sam/drivers/usart/usart.o
 .debug_ranges  0x00000b10       0x18 src/ASF/sam/utils/cmsis/same70/source/templates/gcc/startup_same70.o
 .debug_ranges  0x00000b28       0x20 src/ASF/sam/utils/cmsis/same70/source/templates/system_same70.o
 .debug_ranges  0x00000b48       0x50 src/ASF/sam/utils/syscalls/gcc/syscalls.o
 .debug_ranges  0x00000b98       0x50 src/main.o

.debug_macro    0x00000000    0x1f3d5
 .debug_macro   0x00000000      0x6d1 src/ASF/common/services/clock/same70/sysclk.o
 .debug_macro   0x000006d1      0x8ce src/ASF/common/services/clock/same70/sysclk.o
 .debug_macro   0x00000f9f      0x652 src/ASF/common/services/clock/same70/sysclk.o
 .debug_macro   0x000015f1       0x3a src/ASF/common/services/clock/same70/sysclk.o
 .debug_macro   0x0000162b      0x16d src/ASF/common/services/clock/same70/sysclk.o
 .debug_macro   0x00001798       0x76 src/ASF/common/services/clock/same70/sysclk.o
 .debug_macro   0x0000180e       0x16 src/ASF/common/services/clock/same70/sysclk.o
 .debug_macro   0x00001824      0x6e4 src/ASF/common/services/clock/same70/sysclk.o
 .debug_macro   0x00001f08       0x22 src/ASF/common/services/clock/same70/sysclk.o
 .debug_macro   0x00001f2a       0x87 src/ASF/common/services/clock/same70/sysclk.o
 .debug_macro   0x00001fb1       0x51 src/ASF/common/services/clock/same70/sysclk.o
 .debug_macro   0x00002002       0xef src/ASF/common/services/clock/same70/sysclk.o
 .debug_macro   0x000020f1       0x6a src/ASF/common/services/clock/same70/sysclk.o
 .debug_macro   0x0000215b      0x1df src/ASF/common/services/clock/same70/sysclk.o
 .debug_macro   0x0000233a       0x4a src/ASF/common/services/clock/same70/sysclk.o
 .debug_macro   0x00002384       0x3b src/ASF/common/services/clock/same70/sysclk.o
 .debug_macro   0x000023bf       0x2d src/ASF/common/services/clock/same70/sysclk.o
 .debug_macro   0x000023ec       0x26 src/ASF/common/services/clock/same70/sysclk.o
 .debug_macro   0x00002412      0xf9a src/ASF/common/services/clock/same70/sysclk.o
 .debug_macro   0x000033ac      0x175 src/ASF/common/services/clock/same70/sysclk.o
 .debug_macro   0x00003521      0x257 src/ASF/common/services/clock/same70/sysclk.o
 .debug_macro   0x00003778      0xa0f src/ASF/common/services/clock/same70/sysclk.o
 .debug_macro   0x00004187      0x1b9 src/ASF/common/services/clock/same70/sysclk.o
 .debug_macro   0x00004340      0x336 src/ASF/common/services/clock/same70/sysclk.o
 .debug_macro   0x00004676      0x15b src/ASF/common/services/clock/same70/sysclk.o
 .debug_macro   0x000047d1     0x1851 src/ASF/common/services/clock/same70/sysclk.o
 .debug_macro   0x00006022       0x1c src/ASF/common/services/clock/same70/sysclk.o
 .debug_macro   0x0000603e      0x68d src/ASF/common/services/clock/same70/sysclk.o
 .debug_macro   0x000066cb      0x31e src/ASF/common/services/clock/same70/sysclk.o
 .debug_macro   0x000069e9      0x4d4 src/ASF/common/services/clock/same70/sysclk.o
 .debug_macro   0x00006ebd      0x56e src/ASF/common/services/clock/same70/sysclk.o
 .debug_macro   0x0000742b     0x1332 src/ASF/common/services/clock/same70/sysclk.o
 .debug_macro   0x0000875d     0x278d src/ASF/common/services/clock/same70/sysclk.o
 .debug_macro   0x0000aeea     0x102b src/ASF/common/services/clock/same70/sysclk.o
 .debug_macro   0x0000bf15      0xe01 src/ASF/common/services/clock/same70/sysclk.o
 .debug_macro   0x0000cd16      0x3b1 src/ASF/common/services/clock/same70/sysclk.o
 .debug_macro   0x0000d0c7       0xa0 src/ASF/common/services/clock/same70/sysclk.o
 .debug_macro   0x0000d167       0x76 src/ASF/common/services/clock/same70/sysclk.o
 .debug_macro   0x0000d1dd      0x409 src/ASF/common/services/clock/same70/sysclk.o
 .debug_macro   0x0000d5e6       0x64 src/ASF/common/services/clock/same70/sysclk.o
 .debug_macro   0x0000d64a      0x284 src/ASF/common/services/clock/same70/sysclk.o
 .debug_macro   0x0000d8ce      0x1d0 src/ASF/common/services/clock/same70/sysclk.o
 .debug_macro   0x0000da9e      0x248 src/ASF/common/services/clock/same70/sysclk.o
 .debug_macro   0x0000dce6      0x524 src/ASF/common/services/clock/same70/sysclk.o
 .debug_macro   0x0000e20a      0x63b src/ASF/common/services/clock/same70/sysclk.o
 .debug_macro   0x0000e845      0x6b8 src/ASF/common/services/clock/same70/sysclk.o
 .debug_macro   0x0000eefd       0x4c src/ASF/common/services/clock/same70/sysclk.o
 .debug_macro   0x0000ef49      0x468 src/ASF/common/services/clock/same70/sysclk.o
 .debug_macro   0x0000f3b1      0x207 src/ASF/common/services/clock/same70/sysclk.o
 .debug_macro   0x0000f5b8      0x866 src/ASF/common/services/clock/same70/sysclk.o
 .debug_macro   0x0000fe1e     0x1547 src/ASF/common/services/clock/same70/sysclk.o
 .debug_macro   0x00011365       0x40 src/ASF/common/services/clock/same70/sysclk.o
 .debug_macro   0x000113a5       0x76 src/ASF/common/services/clock/same70/sysclk.o
 .debug_macro   0x0001141b      0xdaf src/ASF/common/services/clock/same70/sysclk.o
 .debug_macro   0x000121ca       0x82 src/ASF/common/services/clock/same70/sysclk.o
 .debug_macro   0x0001224c       0x76 src/ASF/common/services/clock/same70/sysclk.o
 .debug_macro   0x000122c2       0x4c src/ASF/common/services/clock/same70/sysclk.o
 .debug_macro   0x0001230e      0x135 src/ASF/common/services/clock/same70/sysclk.o
 .debug_macro   0x00012443      0x135 src/ASF/common/services/clock/same70/sysclk.o
 .debug_macro   0x00012578      0x135 src/ASF/common/services/clock/same70/sysclk.o
 .debug_macro   0x000126ad       0x6a src/ASF/common/services/clock/same70/sysclk.o
 .debug_macro   0x00012717       0x6a src/ASF/common/services/clock/same70/sysclk.o
 .debug_macro   0x00012781      0x313 src/ASF/common/services/clock/same70/sysclk.o
 .debug_macro   0x00012a94       0xb2 src/ASF/common/services/clock/same70/sysclk.o
 .debug_macro   0x00012b46       0xb2 src/ASF/common/services/clock/same70/sysclk.o
 .debug_macro   0x00012bf8       0xb2 src/ASF/common/services/clock/same70/sysclk.o
 .debug_macro   0x00012caa      0x11d src/ASF/common/services/clock/same70/sysclk.o
 .debug_macro   0x00012dc7      0x11d src/ASF/common/services/clock/same70/sysclk.o
 .debug_macro   0x00012ee4      0x2cd src/ASF/common/services/clock/same70/sysclk.o
 .debug_macro   0x000131b1       0xb8 src/ASF/common/services/clock/same70/sysclk.o
 .debug_macro   0x00013269       0x5e src/ASF/common/services/clock/same70/sysclk.o
 .debug_macro   0x000132c7       0x40 src/ASF/common/services/clock/same70/sysclk.o
 .debug_macro   0x00013307       0x4c src/ASF/common/services/clock/same70/sysclk.o
 .debug_macro   0x00013353       0xa0 src/ASF/common/services/clock/same70/sysclk.o
 .debug_macro   0x000133f3      0x494 src/ASF/common/services/clock/same70/sysclk.o
 .debug_macro   0x00013887      0x135 src/ASF/common/services/clock/same70/sysclk.o
 .debug_macro   0x000139bc       0x4c src/ASF/common/services/clock/same70/sysclk.o
 .debug_macro   0x00013a08      0x313 src/ASF/common/services/clock/same70/sysclk.o
 .debug_macro   0x00013d1b       0x6a src/ASF/common/services/clock/same70/sysclk.o
 .debug_macro   0x00013d85       0xb8 src/ASF/common/services/clock/same70/sysclk.o
 .debug_macro   0x00013e3d       0x6a src/ASF/common/services/clock/same70/sysclk.o
 .debug_macro   0x00013ea7       0x2e src/ASF/common/services/clock/same70/sysclk.o
 .debug_macro   0x00013ed5      0x9b1 src/ASF/common/services/clock/same70/sysclk.o
 .debug_macro   0x00014886       0x6a src/ASF/common/services/clock/same70/sysclk.o
 .debug_macro   0x000148f0       0x88 src/ASF/common/services/clock/same70/sysclk.o
 .debug_macro   0x00014978       0x58 src/ASF/common/services/clock/same70/sysclk.o
 .debug_macro   0x000149d0       0xe2 src/ASF/common/services/clock/same70/sysclk.o
 .debug_macro   0x00014ab2       0x16 src/ASF/common/services/clock/same70/sysclk.o
 .debug_macro   0x00014ac8       0xe2 src/ASF/common/services/clock/same70/sysclk.o
 .debug_macro   0x00014baa       0x4c src/ASF/common/services/clock/same70/sysclk.o
 .debug_macro   0x00014bf6       0x16 src/ASF/common/services/clock/same70/sysclk.o
 .debug_macro   0x00014c0c       0x4c src/ASF/common/services/clock/same70/sysclk.o
 .debug_macro   0x00014c58       0x2e src/ASF/common/services/clock/same70/sysclk.o
 .debug_macro   0x00014c86      0x1b5 src/ASF/common/services/clock/same70/sysclk.o
 .debug_macro   0x00014e3b      0x1b5 src/ASF/common/services/clock/same70/sysclk.o
 .debug_macro   0x00014ff0      0x1b5 src/ASF/common/services/clock/same70/sysclk.o
 .debug_macro   0x000151a5      0x1b5 src/ASF/common/services/clock/same70/sysclk.o
 .debug_macro   0x0001535a      0x1b5 src/ASF/common/services/clock/same70/sysclk.o
 .debug_macro   0x0001550f       0x1c src/ASF/common/services/clock/same70/sysclk.o
 .debug_macro   0x0001552b       0x2e src/ASF/common/services/clock/same70/sysclk.o
 .debug_macro   0x00015559       0x22 src/ASF/common/services/clock/same70/sysclk.o
 .debug_macro   0x0001557b       0x1c src/ASF/common/services/clock/same70/sysclk.o
 .debug_macro   0x00015597       0x52 src/ASF/common/services/clock/same70/sysclk.o
 .debug_macro   0x000155e9       0x10 src/ASF/common/services/clock/same70/sysclk.o
 .debug_macro   0x000155f9       0x1c src/ASF/common/services/clock/same70/sysclk.o
 .debug_macro   0x00015615       0x4c src/ASF/common/services/clock/same70/sysclk.o
 .debug_macro   0x00015661       0x4c src/ASF/common/services/clock/same70/sysclk.o
 .debug_macro   0x000156ad       0x4c src/ASF/common/services/clock/same70/sysclk.o
 .debug_macro   0x000156f9      0x31b src/ASF/common/services/clock/same70/sysclk.o
 .debug_macro   0x00015a14     0x1022 src/ASF/common/services/clock/same70/sysclk.o
 .debug_macro   0x00016a36      0x100 src/ASF/common/services/clock/same70/sysclk.o
 .debug_macro   0x00016b36       0x58 src/ASF/common/services/clock/same70/sysclk.o
 .debug_macro   0x00016b8e       0x35 src/ASF/common/services/clock/same70/sysclk.o
 .debug_macro   0x00016bc3       0x9c src/ASF/common/services/clock/same70/sysclk.o
 .debug_macro   0x00016c5f       0x16 src/ASF/common/services/clock/same70/sysclk.o
 .debug_macro   0x00016c75       0x35 src/ASF/common/services/clock/same70/sysclk.o
 .debug_macro   0x00016caa      0x353 src/ASF/common/services/clock/same70/sysclk.o
 .debug_macro   0x00016ffd       0x10 src/ASF/common/services/clock/same70/sysclk.o
 .debug_macro   0x0001700d       0x58 src/ASF/common/services/clock/same70/sysclk.o
 .debug_macro   0x00017065       0x1f src/ASF/common/services/clock/same70/sysclk.o
 .debug_macro   0x00017084       0x43 src/ASF/common/services/clock/same70/sysclk.o
 .debug_macro   0x000170c7       0x20 src/ASF/common/services/clock/same70/sysclk.o
 .debug_macro   0x000170e7      0x187 src/ASF/common/services/clock/same70/sysclk.o
 .debug_macro   0x0001726e       0x10 src/ASF/common/services/clock/same70/sysclk.o
 .debug_macro   0x0001727e       0x1c src/ASF/common/services/clock/same70/sysclk.o
 .debug_macro   0x0001729a       0x52 src/ASF/common/services/clock/same70/sysclk.o
 .debug_macro   0x000172ec       0x40 src/ASF/common/services/clock/same70/sysclk.o
 .debug_macro   0x0001732c       0x10 src/ASF/common/services/clock/same70/sysclk.o
 .debug_macro   0x0001733c       0x40 src/ASF/common/services/clock/same70/sysclk.o
 .debug_macro   0x0001737c       0xd7 src/ASF/common/services/clock/same70/sysclk.o
 .debug_macro   0x00017453       0x16 src/ASF/common/services/clock/same70/sysclk.o
 .debug_macro   0x00017469      0x18b src/ASF/common/services/clock/same70/sysclk.o
 .debug_macro   0x000175f4       0x22 src/ASF/common/services/clock/same70/sysclk.o
 .debug_macro   0x00017616       0x16 src/ASF/common/services/clock/same70/sysclk.o
 .debug_macro   0x0001762c       0x16 src/ASF/common/services/clock/same70/sysclk.o
 .debug_macro   0x00017642       0x29 src/ASF/common/services/clock/same70/sysclk.o
 .debug_macro   0x0001766b       0x75 src/ASF/common/services/clock/same70/sysclk.o
 .debug_macro   0x000176e0       0x3f src/ASF/common/services/clock/same70/sysclk.o
 .debug_macro   0x0001771f      0x3ca src/ASF/common/services/clock/same70/sysclk.o
 .debug_macro   0x00017ae9      0x2b9 src/ASF/common/services/clock/same70/sysclk.o
 .debug_macro   0x00017da2      0x8d6 src/ASF/common/services/clock/same70/sysclk.o
 .debug_macro   0x00018678       0x70 src/ASF/common/services/clock/same70/sysclk.o
 .debug_macro   0x000186e8       0x64 src/ASF/common/services/clock/same70/sysclk.o
 .debug_macro   0x0001874c       0x5f src/ASF/common/services/clock/same70/sysclk.o
 .debug_macro   0x000187ab       0xac src/ASF/common/services/clock/same70/sysclk.o
 .debug_macro   0x00018857      0x655 src/ASF/common/utils/interrupt/interrupt_sam_nvic.o
 .debug_macro   0x00018eac      0x655 src/ASF/common/utils/stdio/read.o
 .debug_macro   0x00019501      0x655 src/ASF/common/utils/stdio/write.o
 .debug_macro   0x00019b56      0x66b src/ASF/sam/drivers/pio/pio.o
 .debug_macro   0x0001a1c1       0x8e src/ASF/sam/drivers/pio/pio.o
 .debug_macro   0x0001a24f      0x676 src/ASF/sam/drivers/pio/pio_handler.o
 .debug_macro   0x0001a8c5      0x66b src/ASF/sam/drivers/pmc/pmc.o
 .debug_macro   0x0001af30       0x6a src/ASF/sam/drivers/pmc/pmc.o
 .debug_macro   0x0001af9a      0x684 src/ASF/sam/drivers/pmc/sleep.o
 .debug_macro   0x0001b61e       0x34 src/ASF/sam/drivers/pmc/sleep.o
 .debug_macro   0x0001b652      0x660 src/ASF/sam/drivers/rtt/rtt.o
 .debug_macro   0x0001bcb2      0x660 src/ASF/sam/drivers/supc/supc.o
 .debug_macro   0x0001c312      0x66d src/ASF/sam/drivers/tc/tc.o
 .debug_macro   0x0001c97f       0x52 src/ASF/sam/drivers/tc/tc.o
 .debug_macro   0x0001c9d1       0x8d src/ASF/sam/drivers/tc/tc.o
 .debug_macro   0x0001ca5e       0x16 src/ASF/sam/drivers/tc/tc.o
 .debug_macro   0x0001ca74       0x57 src/ASF/sam/drivers/tc/tc.o
 .debug_macro   0x0001cacb       0x1c src/ASF/sam/drivers/tc/tc.o
 .debug_macro   0x0001cae7      0x665 src/ASF/sam/drivers/uart/uart.o
 .debug_macro   0x0001d14c       0x16 src/ASF/sam/drivers/uart/uart.o
 .debug_macro   0x0001d162      0x69b src/ASF/sam/drivers/usart/usart.o
 .debug_macro   0x0001d7fd       0x34 src/ASF/sam/drivers/usart/usart.o
 .debug_macro   0x0001d831      0x664 src/ASF/sam/utils/cmsis/same70/source/templates/gcc/startup_same70.o
 .debug_macro   0x0001de95       0x10 src/ASF/sam/utils/cmsis/same70/source/templates/gcc/startup_same70.o
 .debug_macro   0x0001dea5      0x455 src/ASF/sam/utils/cmsis/same70/source/templates/system_same70.o
 .debug_macro   0x0001e2fa      0x1d6 src/ASF/sam/utils/syscalls/gcc/syscalls.o
 .debug_macro   0x0001e4d0       0x97 src/ASF/sam/utils/syscalls/gcc/syscalls.o
 .debug_macro   0x0001e567       0xf6 src/ASF/sam/utils/syscalls/gcc/syscalls.o
 .debug_macro   0x0001e65d       0x4c src/ASF/sam/utils/syscalls/gcc/syscalls.o
 .debug_macro   0x0001e6a9       0x16 src/ASF/sam/utils/syscalls/gcc/syscalls.o
 .debug_macro   0x0001e6bf       0x10 src/ASF/sam/utils/syscalls/gcc/syscalls.o
 .debug_macro   0x0001e6cf       0x10 src/ASF/sam/utils/syscalls/gcc/syscalls.o
 .debug_macro   0x0001e6df       0x35 src/ASF/sam/utils/syscalls/gcc/syscalls.o
 .debug_macro   0x0001e714      0x122 src/ASF/sam/utils/syscalls/gcc/syscalls.o
 .debug_macro   0x0001e836      0x7f8 src/main.o
 .debug_macro   0x0001f02e       0x28 src/main.o
 .debug_macro   0x0001f056       0x23 src/main.o
 .debug_macro   0x0001f079       0x94 src/main.o
 .debug_macro   0x0001f10d       0x40 src/main.o
 .debug_macro   0x0001f14d       0x88 src/main.o
 .debug_macro   0x0001f1d5      0x1ce src/main.o
 .debug_macro   0x0001f3a3       0x16 src/main.o
 .debug_macro   0x0001f3b9       0x1c src/main.o

.debug_line     0x00000000     0xc1bd
 .debug_line    0x00000000      0xb4f src/ASF/common/services/clock/same70/sysclk.o
 .debug_line    0x00000b4f      0xa01 src/ASF/common/utils/interrupt/interrupt_sam_nvic.o
 .debug_line    0x00001550      0x9e7 src/ASF/common/utils/stdio/read.o
 .debug_line    0x00001f37      0x9df src/ASF/common/utils/stdio/write.o
 .debug_line    0x00002916      0xee3 src/ASF/sam/drivers/pio/pio.o
 .debug_line    0x000037f9      0xabf src/ASF/sam/drivers/pio/pio_handler.o
 .debug_line    0x000042b8     0x1064 src/ASF/sam/drivers/pmc/pmc.o
 .debug_line    0x0000531c      0xb47 src/ASF/sam/drivers/pmc/sleep.o
 .debug_line    0x00005e63      0xa72 src/ASF/sam/drivers/rtt/rtt.o
 .debug_line    0x000068d5      0xb1a src/ASF/sam/drivers/supc/supc.o
 .debug_line    0x000073ef      0xb85 src/ASF/sam/drivers/tc/tc.o
 .debug_line    0x00007f74      0xb79 src/ASF/sam/drivers/uart/uart.o
 .debug_line    0x00008aed     0x1076 src/ASF/sam/drivers/usart/usart.o
 .debug_line    0x00009b63      0xa73 src/ASF/sam/utils/cmsis/same70/source/templates/gcc/startup_same70.o
 .debug_line    0x0000a5d6      0x7e7 src/ASF/sam/utils/cmsis/same70/source/templates/system_same70.o
 .debug_line    0x0000adbd      0x40c src/ASF/sam/utils/syscalls/gcc/syscalls.o
 .debug_line    0x0000b1c9      0xff4 src/main.o

.debug_str      0x00000000    0x8b005
 .debug_str     0x00000000    0x85789 src/ASF/common/services/clock/same70/sysclk.o
                              0x85e4a (size before relaxing)
 .debug_str     0x00085789       0x94 src/ASF/common/utils/interrupt/interrupt_sam_nvic.o
                              0x81e9a (size before relaxing)
 .debug_str     0x0008581d       0x3f src/ASF/common/utils/stdio/read.o
                              0x81e43 (size before relaxing)
 .debug_str     0x0008585c       0x2e src/ASF/common/utils/stdio/write.o
                              0x81e44 (size before relaxing)
 .debug_str     0x0008588a      0xb31 src/ASF/sam/drivers/pio/pio.o
                              0x829f0 (size before relaxing)
 .debug_str     0x000863bb      0x59e src/ASF/sam/drivers/pio/pio_handler.o
                              0x82b12 (size before relaxing)
 .debug_str     0x00086959      0x6c2 src/ASF/sam/drivers/pmc/pmc.o
                              0x82b45 (size before relaxing)
 .debug_str     0x0008701b      0x256 src/ASF/sam/drivers/pmc/sleep.o
                              0x8576c (size before relaxing)
 .debug_str     0x00087271      0x132 src/ASF/sam/drivers/rtt/rtt.o
                              0x81f4f (size before relaxing)
 .debug_str     0x000873a3      0x266 src/ASF/sam/drivers/supc/supc.o
                              0x820c8 (size before relaxing)
 .debug_str     0x00087609      0x35e src/ASF/sam/drivers/tc/tc.o
                              0x821ad (size before relaxing)
 .debug_str     0x00087967      0x2ef src/ASF/sam/drivers/uart/uart.o
                              0x8214a (size before relaxing)
 .debug_str     0x00087c56      0xb6a src/ASF/sam/drivers/usart/usart.o
                              0x829e2 (size before relaxing)
 .debug_str     0x000887c0      0x6af src/ASF/sam/utils/cmsis/same70/source/templates/gcc/startup_same70.o
                              0x82667 (size before relaxing)
 .debug_str     0x00088e6f      0x137 src/ASF/sam/utils/cmsis/same70/source/templates/system_same70.o
                              0x727f2 (size before relaxing)
 .debug_str     0x00088fa6      0x774 src/ASF/sam/utils/syscalls/gcc/syscalls.o
                               0x7441 (size before relaxing)
 .debug_str     0x0008971a     0x18eb src/main.o
                              0x88597 (size before relaxing)

.debug_frame    0x00000000     0x2000
 .debug_frame   0x00000000       0x88 src/ASF/common/services/clock/same70/sysclk.o
 .debug_frame   0x00000088       0x30 src/ASF/common/utils/interrupt/interrupt_sam_nvic.o
 .debug_frame   0x000000b8       0x30 src/ASF/common/utils/stdio/read.o
 .debug_frame   0x000000e8       0x48 src/ASF/common/utils/stdio/write.o
 .debug_frame   0x00000130      0x390 src/ASF/sam/drivers/pio/pio.o
 .debug_frame   0x000004c0      0x110 src/ASF/sam/drivers/pio/pio_handler.o
 .debug_frame   0x000005d0      0x494 src/ASF/sam/drivers/pmc/pmc.o
 .debug_frame   0x00000a64       0x5c src/ASF/sam/drivers/pmc/sleep.o
 .debug_frame   0x00000ac0       0xac src/ASF/sam/drivers/rtt/rtt.o
 .debug_frame   0x00000b6c      0x140 src/ASF/sam/drivers/supc/supc.o
 .debug_frame   0x00000cac      0x1a8 src/ASF/sam/drivers/tc/tc.o
 .debug_frame   0x00000e54      0x19c src/ASF/sam/drivers/uart/uart.o
 .debug_frame   0x00000ff0      0x5c0 src/ASF/sam/drivers/usart/usart.o
 .debug_frame   0x000015b0       0x38 src/ASF/sam/utils/cmsis/same70/source/templates/gcc/startup_same70.o
 .debug_frame   0x000015e8       0x40 src/ASF/sam/utils/cmsis/same70/source/templates/system_same70.o
 .debug_frame   0x00001628       0xa0 src/ASF/sam/utils/syscalls/gcc/syscalls.o
 .debug_frame   0x000016c8      0x12c src/main.o
 .debug_frame   0x000017f4       0x2c c:/program files (x86)/atmel/studio/7.0/toolchain/arm/arm-gnu-toolchain/bin/../lib/gcc/arm-none-eabi/6.3.1/../../../../arm-none-eabi/lib/thumb/v7e-m\libc.a(lib_a-init.o)
 .debug_frame   0x00001820       0x34 c:/program files (x86)/atmel/studio/7.0/toolchain/arm/arm-gnu-toolchain/bin/../lib/gcc/arm-none-eabi/6.3.1/../../../../arm-none-eabi/lib/thumb/v7e-m\libc.a(lib_a-memset.o)
 .debug_frame   0x00001854       0x20 c:/program files (x86)/atmel/studio/7.0/toolchain/arm/arm-gnu-toolchain/bin/../lib/gcc/arm-none-eabi/6.3.1/../../../../arm-none-eabi/lib/thumb/v7e-m\libc.a(lib_a-setbuf.o)
 .debug_frame   0x00001874       0x48 c:/program files (x86)/atmel/studio/7.0/toolchain/arm/arm-gnu-toolchain/bin/../lib/gcc/arm-none-eabi/6.3.1/../../../../arm-none-eabi/lib/thumb/v7e-m\libc.a(lib_a-setvbuf.o)
 .debug_frame   0x000018bc       0x5c c:/program files (x86)/atmel/studio/7.0/toolchain/arm/arm-gnu-toolchain/bin/../lib/gcc/arm-none-eabi/6.3.1/../../../../arm-none-eabi/lib/thumb/v7e-m\libc.a(lib_a-__call_atexit.o)
 .debug_frame   0x00001918       0x20 c:/program files (x86)/atmel/studio/7.0/toolchain/arm/arm-gnu-toolchain/bin/../lib/gcc/arm-none-eabi/6.3.1/../../../../arm-none-eabi/lib/thumb/v7e-m\libc.a(lib_a-atexit.o)
 .debug_frame   0x00001938       0x5c c:/program files (x86)/atmel/studio/7.0/toolchain/arm/arm-gnu-toolchain/bin/../lib/gcc/arm-none-eabi/6.3.1/../../../../arm-none-eabi/lib/thumb/v7e-m\libc.a(lib_a-fflush.o)
 .debug_frame   0x00001994      0x148 c:/program files (x86)/atmel/studio/7.0/toolchain/arm/arm-gnu-toolchain/bin/../lib/gcc/arm-none-eabi/6.3.1/../../../../arm-none-eabi/lib/thumb/v7e-m\libc.a(lib_a-findfp.o)
 .debug_frame   0x00001adc       0x34 c:/program files (x86)/atmel/studio/7.0/toolchain/arm/arm-gnu-toolchain/bin/../lib/gcc/arm-none-eabi/6.3.1/../../../../arm-none-eabi/lib/thumb/v7e-m\libc.a(lib_a-fini.o)
 .debug_frame   0x00001b10       0x74 c:/program files (x86)/atmel/studio/7.0/toolchain/arm/arm-gnu-toolchain/bin/../lib/gcc/arm-none-eabi/6.3.1/../../../../arm-none-eabi/lib/thumb/v7e-m\libc.a(lib_a-freer.o)
 .debug_frame   0x00001b84       0x54 c:/program files (x86)/atmel/studio/7.0/toolchain/arm/arm-gnu-toolchain/bin/../lib/gcc/arm-none-eabi/6.3.1/../../../../arm-none-eabi/lib/thumb/v7e-m\libc.a(lib_a-fwalk.o)
 .debug_frame   0x00001bd8       0xb0 c:/program files (x86)/atmel/studio/7.0/toolchain/arm/arm-gnu-toolchain/bin/../lib/gcc/arm-none-eabi/6.3.1/../../../../arm-none-eabi/lib/thumb/v7e-m\libc.a(lib_a-lock.o)
 .debug_frame   0x00001c88       0x68 c:/program files (x86)/atmel/studio/7.0/toolchain/arm/arm-gnu-toolchain/bin/../lib/gcc/arm-none-eabi/6.3.1/../../../../arm-none-eabi/lib/thumb/v7e-m\libc.a(lib_a-makebuf.o)
 .debug_frame   0x00001cf0       0x30 c:/program files (x86)/atmel/studio/7.0/toolchain/arm/arm-gnu-toolchain/bin/../lib/gcc/arm-none-eabi/6.3.1/../../../../arm-none-eabi/lib/thumb/v7e-m\libc.a(lib_a-malloc.o)
 .debug_frame   0x00001d20       0x58 c:/program files (x86)/atmel/studio/7.0/toolchain/arm/arm-gnu-toolchain/bin/../lib/gcc/arm-none-eabi/6.3.1/../../../../arm-none-eabi/lib/thumb/v7e-m\libc.a(lib_a-mallocr.o)
 .debug_frame   0x00001d78       0x30 c:/program files (x86)/atmel/studio/7.0/toolchain/arm/arm-gnu-toolchain/bin/../lib/gcc/arm-none-eabi/6.3.1/../../../../arm-none-eabi/lib/thumb/v7e-m\libc.a(lib_a-mlock.o)
 .debug_frame   0x00001da8       0x2c c:/program files (x86)/atmel/studio/7.0/toolchain/arm/arm-gnu-toolchain/bin/../lib/gcc/arm-none-eabi/6.3.1/../../../../arm-none-eabi/lib/thumb/v7e-m\libc.a(lib_a-sbrkr.o)
 .debug_frame   0x00001dd4       0x88 c:/program files (x86)/atmel/studio/7.0/toolchain/arm/arm-gnu-toolchain/bin/../lib/gcc/arm-none-eabi/6.3.1/../../../../arm-none-eabi/lib/thumb/v7e-m\libc.a(lib_a-stdio.o)
 .debug_frame   0x00001e5c       0x2c c:/program files (x86)/atmel/studio/7.0/toolchain/arm/arm-gnu-toolchain/bin/../lib/gcc/arm-none-eabi/6.3.1/../../../../arm-none-eabi/lib/thumb/v7e-m\libc.a(lib_a-writer.o)
 .debug_frame   0x00001e88       0x34 c:/program files (x86)/atmel/studio/7.0/toolchain/arm/arm-gnu-toolchain/bin/../lib/gcc/arm-none-eabi/6.3.1/../../../../arm-none-eabi/lib/thumb/v7e-m\libc.a(lib_a-__atexit.o)
 .debug_frame   0x00001ebc       0x2c c:/program files (x86)/atmel/studio/7.0/toolchain/arm/arm-gnu-toolchain/bin/../lib/gcc/arm-none-eabi/6.3.1/../../../../arm-none-eabi/lib/thumb/v7e-m\libc.a(lib_a-closer.o)
 .debug_frame   0x00001ee8       0x3c c:/program files (x86)/atmel/studio/7.0/toolchain/arm/arm-gnu-toolchain/bin/../lib/gcc/arm-none-eabi/6.3.1/../../../../arm-none-eabi/lib/thumb/v7e-m\libc.a(lib_a-fclose.o)
 .debug_frame   0x00001f24       0x2c c:/program files (x86)/atmel/studio/7.0/toolchain/arm/arm-gnu-toolchain/bin/../lib/gcc/arm-none-eabi/6.3.1/../../../../arm-none-eabi/lib/thumb/v7e-m\libc.a(lib_a-fstatr.o)
 .debug_frame   0x00001f50       0x2c c:/program files (x86)/atmel/studio/7.0/toolchain/arm/arm-gnu-toolchain/bin/../lib/gcc/arm-none-eabi/6.3.1/../../../../arm-none-eabi/lib/thumb/v7e-m\libc.a(lib_a-lseekr.o)
 .debug_frame   0x00001f7c       0x2c c:/program files (x86)/atmel/studio/7.0/toolchain/arm/arm-gnu-toolchain/bin/../lib/gcc/arm-none-eabi/6.3.1/../../../../arm-none-eabi/lib/thumb/v7e-m\libc.a(lib_a-readr.o)
 .debug_frame   0x00001fa8       0x58 c:/program files (x86)/atmel/studio/7.0/toolchain/arm/arm-gnu-toolchain/bin/../lib/gcc/arm-none-eabi/6.3.1/../../../../arm-none-eabi/lib/thumb/v7e-m\libc.a(lib_a-reent.o)

Cross Reference Table

Symbol                                            File
ACC_Handler                                       src/ASF/sam/utils/cmsis/same70/source/templates/gcc/startup_same70.o
AES_Handler                                       src/ASF/sam/utils/cmsis/same70/source/templates/gcc/startup_same70.o
AFEC0_Handler                                     src/ASF/sam/utils/cmsis/same70/source/templates/gcc/startup_same70.o
AFEC1_Handler                                     src/ASF/sam/utils/cmsis/same70/source/templates/gcc/startup_same70.o
BusFault_Handler                                  src/ASF/sam/utils/cmsis/same70/source/templates/gcc/startup_same70.o
DACC_Handler                                      src/ASF/sam/utils/cmsis/same70/source/templates/gcc/startup_same70.o
DebugMon_Handler                                  src/ASF/sam/utils/cmsis/same70/source/templates/gcc/startup_same70.o
Dummy_Handler                                     src/ASF/sam/utils/cmsis/same70/source/templates/gcc/startup_same70.o
EFC_Handler                                       src/ASF/sam/utils/cmsis/same70/source/templates/gcc/startup_same70.o
GMAC_Handler                                      src/ASF/sam/utils/cmsis/same70/source/templates/gcc/startup_same70.o
HSMCI_Handler                                     src/ASF/sam/utils/cmsis/same70/source/templates/gcc/startup_same70.o
HardFault_Handler                                 src/ASF/sam/utils/cmsis/same70/source/templates/gcc/startup_same70.o
ICM_Handler                                       src/ASF/sam/utils/cmsis/same70/source/templates/gcc/startup_same70.o
ISI_Handler                                       src/ASF/sam/utils/cmsis/same70/source/templates/gcc/startup_same70.o
LED_init                                          src/main.o
MCAN0_Handler                                     src/ASF/sam/utils/cmsis/same70/source/templates/gcc/startup_same70.o
MCAN1_Handler                                     src/ASF/sam/utils/cmsis/same70/source/templates/gcc/startup_same70.o
MemManage_Handler                                 src/ASF/sam/utils/cmsis/same70/source/templates/gcc/startup_same70.o
NMI_Handler                                       src/ASF/sam/utils/cmsis/same70/source/templates/gcc/startup_same70.o
PIOA_Handler                                      src/ASF/sam/drivers/pio/pio_handler.o
PIOB_Handler                                      src/ASF/sam/drivers/pio/pio_handler.o
PIOC_Handler                                      src/ASF/sam/drivers/pio/pio_handler.o
PIOD_Handler                                      src/ASF/sam/drivers/pio/pio_handler.o
PIOE_Handler                                      src/ASF/sam/drivers/pio/pio_handler.o
PMC_Handler                                       src/ASF/sam/utils/cmsis/same70/source/templates/gcc/startup_same70.o
PWM0_Handler                                      src/ASF/sam/utils/cmsis/same70/source/templates/gcc/startup_same70.o
PWM1_Handler                                      src/ASF/sam/utils/cmsis/same70/source/templates/gcc/startup_same70.o
PendSV_Handler                                    src/ASF/sam/utils/cmsis/same70/source/templates/gcc/startup_same70.o
QSPI_Handler                                      src/ASF/sam/utils/cmsis/same70/source/templates/gcc/startup_same70.o
RSTC_Handler                                      src/ASF/sam/utils/cmsis/same70/source/templates/gcc/startup_same70.o
RSWDT_Handler                                     src/ASF/sam/utils/cmsis/same70/source/templates/gcc/startup_same70.o
RTC_Handler                                       src/ASF/sam/utils/cmsis/same70/source/templates/gcc/startup_same70.o
RTT_Handler                                       src/main.o
                                                  src/ASF/sam/utils/cmsis/same70/source/templates/gcc/startup_same70.o
Reset_Handler                                     src/ASF/sam/utils/cmsis/same70/source/templates/gcc/startup_same70.o
SDRAMC_Handler                                    src/ASF/sam/utils/cmsis/same70/source/templates/gcc/startup_same70.o
SPI0_Handler                                      src/ASF/sam/utils/cmsis/same70/source/templates/gcc/startup_same70.o
SPI1_Handler                                      src/ASF/sam/utils/cmsis/same70/source/templates/gcc/startup_same70.o
SSC_Handler                                       src/ASF/sam/utils/cmsis/same70/source/templates/gcc/startup_same70.o
SUPC_Handler                                      src/ASF/sam/utils/cmsis/same70/source/templates/gcc/startup_same70.o
SVC_Handler                                       src/ASF/sam/utils/cmsis/same70/source/templates/gcc/startup_same70.o
SysTick_Handler                                   src/ASF/sam/utils/cmsis/same70/source/templates/gcc/startup_same70.o
SystemCoreClock                                   src/ASF/sam/utils/cmsis/same70/source/templates/system_same70.o
SystemCoreClockUpdate                             src/ASF/sam/utils/cmsis/same70/source/templates/system_same70.o
                                                  src/ASF/common/services/clock/same70/sysclk.o
SystemInit                                        src/ASF/sam/utils/cmsis/same70/source/templates/system_same70.o
TC0_Handler                                       src/main.o
                                                  src/ASF/sam/utils/cmsis/same70/source/templates/gcc/startup_same70.o
TC10_Handler                                      src/ASF/sam/utils/cmsis/same70/source/templates/gcc/startup_same70.o
TC11_Handler                                      src/ASF/sam/utils/cmsis/same70/source/templates/gcc/startup_same70.o
TC1_Handler                                       src/ASF/sam/utils/cmsis/same70/source/templates/gcc/startup_same70.o
TC2_Handler                                       src/ASF/sam/utils/cmsis/same70/source/templates/gcc/startup_same70.o
TC3_Handler                                       src/ASF/sam/utils/cmsis/same70/source/templates/gcc/startup_same70.o
TC4_Handler                                       src/ASF/sam/utils/cmsis/same70/source/templates/gcc/startup_same70.o
TC5_Handler                                       src/ASF/sam/utils/cmsis/same70/source/templates/gcc/startup_same70.o
TC6_Handler                                       src/ASF/sam/utils/cmsis/same70/source/templates/gcc/startup_same70.o
TC7_Handler                                       src/ASF/sam/utils/cmsis/same70/source/templates/gcc/startup_same70.o
TC8_Handler                                       src/ASF/sam/utils/cmsis/same70/source/templates/gcc/startup_same70.o
TC9_Handler                                       src/ASF/sam/utils/cmsis/same70/source/templates/gcc/startup_same70.o
TC_init                                           src/main.o
TRNG_Handler                                      src/ASF/sam/utils/cmsis/same70/source/templates/gcc/startup_same70.o
TWIHS0_Handler                                    src/ASF/sam/utils/cmsis/same70/source/templates/gcc/startup_same70.o
TWIHS1_Handler                                    src/ASF/sam/utils/cmsis/same70/source/templates/gcc/startup_same70.o
TWIHS2_Handler                                    src/ASF/sam/utils/cmsis/same70/source/templates/gcc/startup_same70.o
UART0_Handler                                     src/ASF/sam/utils/cmsis/same70/source/templates/gcc/startup_same70.o
UART1_Handler                                     src/ASF/sam/utils/cmsis/same70/source/templates/gcc/startup_same70.o
UART2_Handler                                     src/ASF/sam/utils/cmsis/same70/source/templates/gcc/startup_same70.o
UART3_Handler                                     src/ASF/sam/utils/cmsis/same70/source/templates/gcc/startup_same70.o
UART4_Handler                                     src/ASF/sam/utils/cmsis/same70/source/templates/gcc/startup_same70.o
USART0_Handler                                    src/ASF/sam/utils/cmsis/same70/source/templates/gcc/startup_same70.o
USART1_Handler                                    src/main.o
                                                  src/ASF/sam/utils/cmsis/same70/source/templates/gcc/startup_same70.o
USART2_Handler                                    src/ASF/sam/utils/cmsis/same70/source/templates/gcc/startup_same70.o
USBHS_Handler                                     src/ASF/sam/utils/cmsis/same70/source/templates/gcc/startup_same70.o
UsageFault_Handler                                src/ASF/sam/utils/cmsis/same70/source/templates/gcc/startup_same70.o
WDT_Handler                                       src/ASF/sam/utils/cmsis/same70/source/templates/gcc/startup_same70.o
XDMAC_Handler                                     src/ASF/sam/utils/cmsis/same70/source/templates/gcc/startup_same70.o
_Jv_RegisterClasses                               c:/program files (x86)/atmel/studio/7.0/toolchain/arm/arm-gnu-toolchain/bin/../lib/gcc/arm-none-eabi/6.3.1/thumb/v7e-m/crtbegin.o
__atexit_recursive_mutex                          c:/program files (x86)/atmel/studio/7.0/toolchain/arm/arm-gnu-toolchain/bin/../lib/gcc/arm-none-eabi/6.3.1/../../../../arm-none-eabi/lib/thumb/v7e-m\libc.a(lib_a-__call_atexit.o)
                                                  c:/program files (x86)/atmel/studio/7.0/toolchain/arm/arm-gnu-toolchain/bin/../lib/gcc/arm-none-eabi/6.3.1/../../../../arm-none-eabi/lib/thumb/v7e-m\libc.a(lib_a-__atexit.o)
__bss_end__                                       c:/program files (x86)/atmel/studio/7.0/toolchain/arm/arm-gnu-toolchain/bin/../lib/gcc/arm-none-eabi/6.3.1/../../../../arm-none-eabi/lib/thumb/v7e-m/crt0.o
__bss_start__                                     c:/program files (x86)/atmel/studio/7.0/toolchain/arm/arm-gnu-toolchain/bin/../lib/gcc/arm-none-eabi/6.3.1/../../../../arm-none-eabi/lib/thumb/v7e-m/crt0.o
__call_exitprocs                                  c:/program files (x86)/atmel/studio/7.0/toolchain/arm/arm-gnu-toolchain/bin/../lib/gcc/arm-none-eabi/6.3.1/../../../../arm-none-eabi/lib/thumb/v7e-m\libc.a(lib_a-__call_atexit.o)
                                                  c:/program files (x86)/atmel/studio/7.0/toolchain/arm/arm-gnu-toolchain/bin/../lib/gcc/arm-none-eabi/6.3.1/../../../../arm-none-eabi/lib/thumb/v7e-m\libc.a(lib_a-exit.o)
__deregister_frame_info                           c:/program files (x86)/atmel/studio/7.0/toolchain/arm/arm-gnu-toolchain/bin/../lib/gcc/arm-none-eabi/6.3.1/thumb/v7e-m/crtbegin.o
__dso_handle                                      c:/program files (x86)/atmel/studio/7.0/toolchain/arm/arm-gnu-toolchain/bin/../lib/gcc/arm-none-eabi/6.3.1/thumb/v7e-m/crtbegin.o
__fini_array_end                                  c:/program files (x86)/atmel/studio/7.0/toolchain/arm/arm-gnu-toolchain/bin/../lib/gcc/arm-none-eabi/6.3.1/../../../../arm-none-eabi/lib/thumb/v7e-m\libc.a(lib_a-fini.o)
__fini_array_start                                c:/program files (x86)/atmel/studio/7.0/toolchain/arm/arm-gnu-toolchain/bin/../lib/gcc/arm-none-eabi/6.3.1/../../../../arm-none-eabi/lib/thumb/v7e-m\libc.a(lib_a-fini.o)
__fp_lock_all                                     c:/program files (x86)/atmel/studio/7.0/toolchain/arm/arm-gnu-toolchain/bin/../lib/gcc/arm-none-eabi/6.3.1/../../../../arm-none-eabi/lib/thumb/v7e-m\libc.a(lib_a-findfp.o)
__fp_unlock_all                                   c:/program files (x86)/atmel/studio/7.0/toolchain/arm/arm-gnu-toolchain/bin/../lib/gcc/arm-none-eabi/6.3.1/../../../../arm-none-eabi/lib/thumb/v7e-m\libc.a(lib_a-findfp.o)
__init_array_end                                  c:/program files (x86)/atmel/studio/7.0/toolchain/arm/arm-gnu-toolchain/bin/../lib/gcc/arm-none-eabi/6.3.1/../../../../arm-none-eabi/lib/thumb/v7e-m\libc.a(lib_a-init.o)
__init_array_start                                c:/program files (x86)/atmel/studio/7.0/toolchain/arm/arm-gnu-toolchain/bin/../lib/gcc/arm-none-eabi/6.3.1/../../../../arm-none-eabi/lib/thumb/v7e-m\libc.a(lib_a-init.o)
__libc_fini                                       c:/program files (x86)/atmel/studio/7.0/toolchain/arm/arm-gnu-toolchain/bin/../lib/gcc/arm-none-eabi/6.3.1/../../../../arm-none-eabi/lib/thumb/v7e-m\libc.a(lib_a-__call_atexit.o)
__libc_fini_array                                 c:/program files (x86)/atmel/studio/7.0/toolchain/arm/arm-gnu-toolchain/bin/../lib/gcc/arm-none-eabi/6.3.1/../../../../arm-none-eabi/lib/thumb/v7e-m\libc.a(lib_a-fini.o)
                                                  c:/program files (x86)/atmel/studio/7.0/toolchain/arm/arm-gnu-toolchain/bin/../lib/gcc/arm-none-eabi/6.3.1/../../../../arm-none-eabi/lib/thumb/v7e-m\libc.a(lib_a-__call_atexit.o)
                                                  c:/program files (x86)/atmel/studio/7.0/toolchain/arm/arm-gnu-toolchain/bin/../lib/gcc/arm-none-eabi/6.3.1/../../../../arm-none-eabi/lib/thumb/v7e-m/crt0.o
__libc_init_array                                 c:/program files (x86)/atmel/studio/7.0/toolchain/arm/arm-gnu-toolchain/bin/../lib/gcc/arm-none-eabi/6.3.1/../../../../arm-none-eabi/lib/thumb/v7e-m\libc.a(lib_a-init.o)
                                                  src/ASF/sam/utils/cmsis/same70/source/templates/gcc/startup_same70.o